Archive member included to satisfy reference by file (symbol)

c:/program files (x86)/atmel/studio/7.0/toolchain/arm/arm-gnu-toolchain/bin/../lib/gcc/arm-none-eabi/6.3.1/thumb/v6-m\libgcc.a(_divsi3.o)
                              Utils/Utils.o (__aeabi_idiv)
c:/program files (x86)/atmel/studio/7.0/toolchain/arm/arm-gnu-toolchain/bin/../lib/gcc/arm-none-eabi/6.3.1/thumb/v6-m\libgcc.a(_dvmd_tls.o)
                              c:/program files (x86)/atmel/studio/7.0/toolchain/arm/arm-gnu-toolchain/bin/../lib/gcc/arm-none-eabi/6.3.1/thumb/v6-m\libgcc.a(_divsi3.o) (__aeabi_idiv0)
c:/program files (x86)/atmel/studio/7.0/toolchain/arm/arm-gnu-toolchain/bin/../lib/gcc/arm-none-eabi/6.3.1/thumb/v6-m\libgcc.a(_muldi3.o)
                              Utils/Utils.o (__aeabi_lmul)
c:/program files (x86)/atmel/studio/7.0/toolchain/arm/arm-gnu-toolchain/bin/../lib/gcc/arm-none-eabi/6.3.1/../../../../arm-none-eabi/lib/thumb/v6-m\libc.a(lib_a-exit.o)
                              c:/program files (x86)/atmel/studio/7.0/toolchain/arm/arm-gnu-toolchain/bin/../lib/gcc/arm-none-eabi/6.3.1/../../../../arm-none-eabi/lib/thumb/v6-m/crt0.o (exit)
c:/program files (x86)/atmel/studio/7.0/toolchain/arm/arm-gnu-toolchain/bin/../lib/gcc/arm-none-eabi/6.3.1/../../../../arm-none-eabi/lib/thumb/v6-m\libc.a(lib_a-impure.o)
                              c:/program files (x86)/atmel/studio/7.0/toolchain/arm/arm-gnu-toolchain/bin/../lib/gcc/arm-none-eabi/6.3.1/../../../../arm-none-eabi/lib/thumb/v6-m\libc.a(lib_a-exit.o) (_global_impure_ptr)
c:/program files (x86)/atmel/studio/7.0/toolchain/arm/arm-gnu-toolchain/bin/../lib/gcc/arm-none-eabi/6.3.1/../../../../arm-none-eabi/lib/thumb/v6-m\libc.a(lib_a-init.o)
                              c:/program files (x86)/atmel/studio/7.0/toolchain/arm/arm-gnu-toolchain/bin/../lib/gcc/arm-none-eabi/6.3.1/../../../../arm-none-eabi/lib/thumb/v6-m/crt0.o (__libc_init_array)
c:/program files (x86)/atmel/studio/7.0/toolchain/arm/arm-gnu-toolchain/bin/../lib/gcc/arm-none-eabi/6.3.1/../../../../arm-none-eabi/lib/thumb/v6-m\libc.a(lib_a-memset.o)
                              c:/program files (x86)/atmel/studio/7.0/toolchain/arm/arm-gnu-toolchain/bin/../lib/gcc/arm-none-eabi/6.3.1/../../../../arm-none-eabi/lib/thumb/v6-m/crt0.o (memset)
c:/program files (x86)/atmel/studio/7.0/toolchain/arm/arm-gnu-toolchain/bin/../lib/gcc/arm-none-eabi/6.3.1/../../../../arm-none-eabi/lib/thumb/v6-m\libc.a(lib_a-strcat.o)
                              Utils/Utils.o (strcat)
c:/program files (x86)/atmel/studio/7.0/toolchain/arm/arm-gnu-toolchain/bin/../lib/gcc/arm-none-eabi/6.3.1/../../../../arm-none-eabi/lib/thumb/v6-m\libc.a(lib_a-strcpy.o)
                              c:/program files (x86)/atmel/studio/7.0/toolchain/arm/arm-gnu-toolchain/bin/../lib/gcc/arm-none-eabi/6.3.1/../../../../arm-none-eabi/lib/thumb/v6-m\libc.a(lib_a-strcat.o) (strcpy)
c:/program files (x86)/atmel/studio/7.0/toolchain/arm/arm-gnu-toolchain/bin/../lib/gcc/arm-none-eabi/6.3.1/../../../../arm-none-eabi/lib/thumb/v6-m\libc.a(lib_a-__call_atexit.o)
                              c:/program files (x86)/atmel/studio/7.0/toolchain/arm/arm-gnu-toolchain/bin/../lib/gcc/arm-none-eabi/6.3.1/../../../../arm-none-eabi/lib/thumb/v6-m\libc.a(lib_a-exit.o) (__call_exitprocs)
c:/program files (x86)/atmel/studio/7.0/toolchain/arm/arm-gnu-toolchain/bin/../lib/gcc/arm-none-eabi/6.3.1/../../../../arm-none-eabi/lib/thumb/v6-m\libc.a(lib_a-atexit.o)
                              c:/program files (x86)/atmel/studio/7.0/toolchain/arm/arm-gnu-toolchain/bin/../lib/gcc/arm-none-eabi/6.3.1/../../../../arm-none-eabi/lib/thumb/v6-m\libc.a(lib_a-__call_atexit.o) (atexit)
c:/program files (x86)/atmel/studio/7.0/toolchain/arm/arm-gnu-toolchain/bin/../lib/gcc/arm-none-eabi/6.3.1/../../../../arm-none-eabi/lib/thumb/v6-m\libc.a(lib_a-fini.o)
                              c:/program files (x86)/atmel/studio/7.0/toolchain/arm/arm-gnu-toolchain/bin/../lib/gcc/arm-none-eabi/6.3.1/../../../../arm-none-eabi/lib/thumb/v6-m\libc.a(lib_a-__call_atexit.o) (__libc_fini_array)
c:/program files (x86)/atmel/studio/7.0/toolchain/arm/arm-gnu-toolchain/bin/../lib/gcc/arm-none-eabi/6.3.1/../../../../arm-none-eabi/lib/thumb/v6-m\libc.a(lib_a-lock.o)
                              c:/program files (x86)/atmel/studio/7.0/toolchain/arm/arm-gnu-toolchain/bin/../lib/gcc/arm-none-eabi/6.3.1/../../../../arm-none-eabi/lib/thumb/v6-m\libc.a(lib_a-__call_atexit.o) (__retarget_lock_acquire_recursive)
c:/program files (x86)/atmel/studio/7.0/toolchain/arm/arm-gnu-toolchain/bin/../lib/gcc/arm-none-eabi/6.3.1/../../../../arm-none-eabi/lib/thumb/v6-m\libc.a(lib_a-__atexit.o)
                              c:/program files (x86)/atmel/studio/7.0/toolchain/arm/arm-gnu-toolchain/bin/../lib/gcc/arm-none-eabi/6.3.1/../../../../arm-none-eabi/lib/thumb/v6-m\libc.a(lib_a-atexit.o) (__register_exitproc)

Allocating common symbols
Common symbol       size              file

__lock___atexit_recursive_mutex
                    0x1               c:/program files (x86)/atmel/studio/7.0/toolchain/arm/arm-gnu-toolchain/bin/../lib/gcc/arm-none-eabi/6.3.1/../../../../arm-none-eabi/lib/thumb/v6-m\libc.a(lib_a-lock.o)
__lock___arc4random_mutex
                    0x1               c:/program files (x86)/atmel/studio/7.0/toolchain/arm/arm-gnu-toolchain/bin/../lib/gcc/arm-none-eabi/6.3.1/../../../../arm-none-eabi/lib/thumb/v6-m\libc.a(lib_a-lock.o)
__lock___env_recursive_mutex
                    0x1               c:/program files (x86)/atmel/studio/7.0/toolchain/arm/arm-gnu-toolchain/bin/../lib/gcc/arm-none-eabi/6.3.1/../../../../arm-none-eabi/lib/thumb/v6-m\libc.a(lib_a-lock.o)
__lock___sinit_recursive_mutex
                    0x1               c:/program files (x86)/atmel/studio/7.0/toolchain/arm/arm-gnu-toolchain/bin/../lib/gcc/arm-none-eabi/6.3.1/../../../../arm-none-eabi/lib/thumb/v6-m\libc.a(lib_a-lock.o)
__lock___malloc_recursive_mutex
                    0x1               c:/program files (x86)/atmel/studio/7.0/toolchain/arm/arm-gnu-toolchain/bin/../lib/gcc/arm-none-eabi/6.3.1/../../../../arm-none-eabi/lib/thumb/v6-m\libc.a(lib_a-lock.o)
__lock___at_quick_exit_mutex
                    0x1               c:/program files (x86)/atmel/studio/7.0/toolchain/arm/arm-gnu-toolchain/bin/../lib/gcc/arm-none-eabi/6.3.1/../../../../arm-none-eabi/lib/thumb/v6-m\libc.a(lib_a-lock.o)
__lock___dd_hash_mutex
                    0x1               c:/program files (x86)/atmel/studio/7.0/toolchain/arm/arm-gnu-toolchain/bin/../lib/gcc/arm-none-eabi/6.3.1/../../../../arm-none-eabi/lib/thumb/v6-m\libc.a(lib_a-lock.o)
__lock___tz_mutex   0x1               c:/program files (x86)/atmel/studio/7.0/toolchain/arm/arm-gnu-toolchain/bin/../lib/gcc/arm-none-eabi/6.3.1/../../../../arm-none-eabi/lib/thumb/v6-m\libc.a(lib_a-lock.o)
__lock___sfp_recursive_mutex
                    0x1               c:/program files (x86)/atmel/studio/7.0/toolchain/arm/arm-gnu-toolchain/bin/../lib/gcc/arm-none-eabi/6.3.1/../../../../arm-none-eabi/lib/thumb/v6-m\libc.a(lib_a-lock.o)

Discarded input sections

 .text          0x00000000        0x0 c:/program files (x86)/atmel/studio/7.0/toolchain/arm/arm-gnu-toolchain/bin/../lib/gcc/arm-none-eabi/6.3.1/thumb/v6-m/crti.o
 .data          0x00000000        0x0 c:/program files (x86)/atmel/studio/7.0/toolchain/arm/arm-gnu-toolchain/bin/../lib/gcc/arm-none-eabi/6.3.1/thumb/v6-m/crti.o
 .bss           0x00000000        0x0 c:/program files (x86)/atmel/studio/7.0/toolchain/arm/arm-gnu-toolchain/bin/../lib/gcc/arm-none-eabi/6.3.1/thumb/v6-m/crti.o
 .data          0x00000000        0x4 c:/program files (x86)/atmel/studio/7.0/toolchain/arm/arm-gnu-toolchain/bin/../lib/gcc/arm-none-eabi/6.3.1/thumb/v6-m/crtbegin.o
 .text          0x00000000       0x78 c:/program files (x86)/atmel/studio/7.0/toolchain/arm/arm-gnu-toolchain/bin/../lib/gcc/arm-none-eabi/6.3.1/../../../../arm-none-eabi/lib/thumb/v6-m/crt0.o
 .data          0x00000000        0x0 c:/program files (x86)/atmel/studio/7.0/toolchain/arm/arm-gnu-toolchain/bin/../lib/gcc/arm-none-eabi/6.3.1/../../../../arm-none-eabi/lib/thumb/v6-m/crt0.o
 .bss           0x00000000        0x0 c:/program files (x86)/atmel/studio/7.0/toolchain/arm/arm-gnu-toolchain/bin/../lib/gcc/arm-none-eabi/6.3.1/../../../../arm-none-eabi/lib/thumb/v6-m/crt0.o
 .ARM.extab     0x00000000        0x0 c:/program files (x86)/atmel/studio/7.0/toolchain/arm/arm-gnu-toolchain/bin/../lib/gcc/arm-none-eabi/6.3.1/../../../../arm-none-eabi/lib/thumb/v6-m/crt0.o
 .ARM.exidx     0x00000000        0x8 c:/program files (x86)/atmel/studio/7.0/toolchain/arm/arm-gnu-toolchain/bin/../lib/gcc/arm-none-eabi/6.3.1/../../../../arm-none-eabi/lib/thumb/v6-m/crt0.o
 .ARM.attributes
                0x00000000       0x1b c:/program files (x86)/atmel/studio/7.0/toolchain/arm/arm-gnu-toolchain/bin/../lib/gcc/arm-none-eabi/6.3.1/../../../../arm-none-eabi/lib/thumb/v6-m/crt0.o
 .group         0x00000000        0x8 Device_Startup/startup_samd21.o
 .group         0x00000000        0x8 Device_Startup/startup_samd21.o
 .group         0x00000000        0x8 Device_Startup/startup_samd21.o
 .group         0x00000000        0x8 Device_Startup/startup_samd21.o
 .group         0x00000000        0x8 Device_Startup/startup_samd21.o
 .group         0x00000000        0x8 Device_Startup/startup_samd21.o
 .group         0x00000000        0x8 Device_Startup/startup_samd21.o
 .group         0x00000000        0x8 Device_Startup/startup_samd21.o
 .group         0x00000000        0x8 Device_Startup/startup_samd21.o
 .group         0x00000000        0x8 Device_Startup/startup_samd21.o
 .group         0x00000000        0x8 Device_Startup/startup_samd21.o
 .group         0x00000000        0x8 Device_Startup/startup_samd21.o
 .group         0x00000000        0x8 Device_Startup/startup_samd21.o
 .group         0x00000000        0x8 Device_Startup/startup_samd21.o
 .group         0x00000000        0x8 Device_Startup/startup_samd21.o
 .group         0x00000000        0x8 Device_Startup/startup_samd21.o
 .group         0x00000000        0x8 Device_Startup/startup_samd21.o
 .group         0x00000000        0x8 Device_Startup/startup_samd21.o
 .group         0x00000000        0x8 Device_Startup/startup_samd21.o
 .group         0x00000000        0x8 Device_Startup/startup_samd21.o
 .group         0x00000000        0x8 Device_Startup/startup_samd21.o
 .group         0x00000000        0x8 Device_Startup/startup_samd21.o
 .group         0x00000000        0x8 Device_Startup/startup_samd21.o
 .group         0x00000000        0x8 Device_Startup/startup_samd21.o
 .group         0x00000000        0x8 Device_Startup/startup_samd21.o
 .group         0x00000000        0x8 Device_Startup/startup_samd21.o
 .group         0x00000000        0x8 Device_Startup/startup_samd21.o
 .group         0x00000000        0x8 Device_Startup/startup_samd21.o
 .group         0x00000000        0x8 Device_Startup/startup_samd21.o
 .group         0x00000000        0x8 Device_Startup/startup_samd21.o
 .group         0x00000000        0x8 Device_Startup/startup_samd21.o
 .group         0x00000000        0x8 Device_Startup/startup_samd21.o
 .group         0x00000000        0x8 Device_Startup/startup_samd21.o
 .group         0x00000000        0x8 Device_Startup/startup_samd21.o
 .group         0x00000000        0x8 Device_Startup/startup_samd21.o
 .group         0x00000000        0x8 Device_Startup/startup_samd21.o
 .group         0x00000000        0x8 Device_Startup/startup_samd21.o
 .group         0x00000000        0x8 Device_Startup/startup_samd21.o
 .group         0x00000000        0x8 Device_Startup/startup_samd21.o
 .group         0x00000000        0x8 Device_Startup/startup_samd21.o
 .group         0x00000000        0x8 Device_Startup/startup_samd21.o
 .group         0x00000000        0x8 Device_Startup/startup_samd21.o
 .group         0x00000000        0x8 Device_Startup/startup_samd21.o
 .group         0x00000000        0x8 Device_Startup/startup_samd21.o
 .group         0x00000000        0x8 Device_Startup/startup_samd21.o
 .group         0x00000000        0x8 Device_Startup/startup_samd21.o
 .group         0x00000000        0x8 Device_Startup/startup_samd21.o
 .group         0x00000000        0x8 Device_Startup/startup_samd21.o
 .group         0x00000000        0x8 Device_Startup/startup_samd21.o
 .group         0x00000000        0x8 Device_Startup/startup_samd21.o
 .group         0x00000000        0x8 Device_Startup/startup_samd21.o
 .group         0x00000000        0x8 Device_Startup/startup_samd21.o
 .group         0x00000000        0x8 Device_Startup/startup_samd21.o
 .group         0x00000000        0x8 Device_Startup/startup_samd21.o
 .group         0x00000000        0x8 Device_Startup/startup_samd21.o
 .group         0x00000000        0x8 Device_Startup/startup_samd21.o
 .group         0x00000000        0x8 Device_Startup/startup_samd21.o
 .group         0x00000000        0x8 Device_Startup/startup_samd21.o
 .group         0x00000000        0x8 Device_Startup/startup_samd21.o
 .group         0x00000000        0x8 Device_Startup/startup_samd21.o
 .group         0x00000000        0x8 Device_Startup/startup_samd21.o
 .group         0x00000000        0x8 Device_Startup/startup_samd21.o
 .group         0x00000000        0x8 Device_Startup/startup_samd21.o
 .group         0x00000000        0x8 Device_Startup/startup_samd21.o
 .group         0x00000000        0x8 Device_Startup/startup_samd21.o
 .group         0x00000000        0x8 Device_Startup/startup_samd21.o
 .group         0x00000000        0x8 Device_Startup/startup_samd21.o
 .group         0x00000000        0x8 Device_Startup/startup_samd21.o
 .group         0x00000000        0x8 Device_Startup/startup_samd21.o
 .group         0x00000000        0x8 Device_Startup/startup_samd21.o
 .group         0x00000000        0x8 Device_Startup/startup_samd21.o
 .group         0x00000000        0x8 Device_Startup/startup_samd21.o
 .group         0x00000000        0x8 Device_Startup/startup_samd21.o
 .text          0x00000000        0x0 Device_Startup/startup_samd21.o
 .data          0x00000000        0x0 Device_Startup/startup_samd21.o
 .bss           0x00000000        0x0 Device_Startup/startup_samd21.o
 .group         0x00000000        0x8 Device_Startup/system_samd21.o
 .group         0x00000000        0x8 Device_Startup/system_samd21.o
 .group         0x00000000        0x8 Device_Startup/system_samd21.o
 .group         0x00000000        0x8 Device_Startup/system_samd21.o
 .group         0x00000000        0x8 Device_Startup/system_samd21.o
 .group         0x00000000        0x8 Device_Startup/system_samd21.o
 .group         0x00000000        0x8 Device_Startup/system_samd21.o
 .group         0x00000000        0x8 Device_Startup/system_samd21.o
 .group         0x00000000        0x8 Device_Startup/system_samd21.o
 .group         0x00000000        0x8 Device_Startup/system_samd21.o
 .group         0x00000000        0x8 Device_Startup/system_samd21.o
 .group         0x00000000        0x8 Device_Startup/system_samd21.o
 .group         0x00000000        0x8 Device_Startup/system_samd21.o
 .group         0x00000000        0x8 Device_Startup/system_samd21.o
 .group         0x00000000        0x8 Device_Startup/system_samd21.o
 .group         0x00000000        0x8 Device_Startup/system_samd21.o
 .group         0x00000000        0x8 Device_Startup/system_samd21.o
 .group         0x00000000        0x8 Device_Startup/system_samd21.o
 .group         0x00000000        0x8 Device_Startup/system_samd21.o
 .group         0x00000000        0x8 Device_Startup/system_samd21.o
 .group         0x00000000        0x8 Device_Startup/system_samd21.o
 .group         0x00000000        0x8 Device_Startup/system_samd21.o
 .group         0x00000000        0x8 Device_Startup/system_samd21.o
 .group         0x00000000        0x8 Device_Startup/system_samd21.o
 .group         0x00000000        0x8 Device_Startup/system_samd21.o
 .group         0x00000000        0x8 Device_Startup/system_samd21.o
 .group         0x00000000        0x8 Device_Startup/system_samd21.o
 .group         0x00000000        0x8 Device_Startup/system_samd21.o
 .group         0x00000000        0x8 Device_Startup/system_samd21.o
 .group         0x00000000        0x8 Device_Startup/system_samd21.o
 .group         0x00000000        0x8 Device_Startup/system_samd21.o
 .group         0x00000000        0x8 Device_Startup/system_samd21.o
 .group         0x00000000        0x8 Device_Startup/system_samd21.o
 .group         0x00000000        0x8 Device_Startup/system_samd21.o
 .group         0x00000000        0x8 Device_Startup/system_samd21.o
 .group         0x00000000        0x8 Device_Startup/system_samd21.o
 .group         0x00000000        0x8 Device_Startup/system_samd21.o
 .group         0x00000000        0x8 Device_Startup/system_samd21.o
 .group         0x00000000        0x8 Device_Startup/system_samd21.o
 .group         0x00000000        0x8 Device_Startup/system_samd21.o
 .group         0x00000000        0x8 Device_Startup/system_samd21.o
 .group         0x00000000        0x8 Device_Startup/system_samd21.o
 .group         0x00000000        0x8 Device_Startup/system_samd21.o
 .group         0x00000000        0x8 Device_Startup/system_samd21.o
 .group         0x00000000        0x8 Device_Startup/system_samd21.o
 .group         0x00000000        0x8 Device_Startup/system_samd21.o
 .group         0x00000000        0x8 Device_Startup/system_samd21.o
 .group         0x00000000        0x8 Device_Startup/system_samd21.o
 .group         0x00000000        0x8 Device_Startup/system_samd21.o
 .group         0x00000000        0x8 Device_Startup/system_samd21.o
 .group         0x00000000        0x8 Device_Startup/system_samd21.o
 .group         0x00000000        0x8 Device_Startup/system_samd21.o
 .group         0x00000000        0x8 Device_Startup/system_samd21.o
 .group         0x00000000        0x8 Device_Startup/system_samd21.o
 .group         0x00000000        0x8 Device_Startup/system_samd21.o
 .group         0x00000000        0x8 Device_Startup/system_samd21.o
 .group         0x00000000        0x8 Device_Startup/system_samd21.o
 .group         0x00000000        0x8 Device_Startup/system_samd21.o
 .group         0x00000000        0x8 Device_Startup/system_samd21.o
 .group         0x00000000        0x8 Device_Startup/system_samd21.o
 .group         0x00000000        0x8 Device_Startup/system_samd21.o
 .group         0x00000000        0x8 Device_Startup/system_samd21.o
 .group         0x00000000        0x8 Device_Startup/system_samd21.o
 .group         0x00000000        0x8 Device_Startup/system_samd21.o
 .group         0x00000000        0x8 Device_Startup/system_samd21.o
 .group         0x00000000        0x8 Device_Startup/system_samd21.o
 .group         0x00000000        0x8 Device_Startup/system_samd21.o
 .group         0x00000000        0x8 Device_Startup/system_samd21.o
 .group         0x00000000        0x8 Device_Startup/system_samd21.o
 .group         0x00000000        0x8 Device_Startup/system_samd21.o
 .group         0x00000000        0x8 Device_Startup/system_samd21.o
 .group         0x00000000        0x8 Device_Startup/system_samd21.o
 .group         0x00000000        0x8 Device_Startup/system_samd21.o
 .text          0x00000000        0x0 Device_Startup/system_samd21.o
 .data          0x00000000        0x4 Device_Startup/system_samd21.o
 .bss           0x00000000        0x0 Device_Startup/system_samd21.o
 .text.SystemInit
                0x00000000       0x10 Device_Startup/system_samd21.o
 .text.SystemCoreClockUpdate
                0x00000000       0x10 Device_Startup/system_samd21.o
 .debug_info    0x00000000       0xd5 Device_Startup/system_samd21.o
 .debug_abbrev  0x00000000       0x72 Device_Startup/system_samd21.o
 .debug_aranges
                0x00000000       0x28 Device_Startup/system_samd21.o
 .debug_ranges  0x00000000       0x18 Device_Startup/system_samd21.o
 .debug_macro   0x00000000      0x316 Device_Startup/system_samd21.o
 .debug_macro   0x00000000      0x89e Device_Startup/system_samd21.o
 .debug_macro   0x00000000       0x22 Device_Startup/system_samd21.o
 .debug_macro   0x00000000       0x87 Device_Startup/system_samd21.o
 .debug_macro   0x00000000       0x51 Device_Startup/system_samd21.o
 .debug_macro   0x00000000       0xef Device_Startup/system_samd21.o
 .debug_macro   0x00000000       0x6a Device_Startup/system_samd21.o
 .debug_macro   0x00000000      0x1df Device_Startup/system_samd21.o
 .debug_macro   0x00000000       0x39 Device_Startup/system_samd21.o
 .debug_macro   0x00000000       0x1c Device_Startup/system_samd21.o
 .debug_macro   0x00000000       0x22 Device_Startup/system_samd21.o
 .debug_macro   0x00000000       0xb5 Device_Startup/system_samd21.o
 .debug_macro   0x00000000      0x3ad Device_Startup/system_samd21.o
 .debug_macro   0x00000000      0x67e Device_Startup/system_samd21.o
 .debug_macro   0x00000000      0x8b1 Device_Startup/system_samd21.o
 .debug_macro   0x00000000      0x22e Device_Startup/system_samd21.o
 .debug_macro   0x00000000      0xd5c Device_Startup/system_samd21.o
 .debug_macro   0x00000000      0x4dc Device_Startup/system_samd21.o
 .debug_macro   0x00000000      0x9f6 Device_Startup/system_samd21.o
 .debug_macro   0x00000000      0x82b Device_Startup/system_samd21.o
 .debug_macro   0x00000000      0x45f Device_Startup/system_samd21.o
 .debug_macro   0x00000000       0x5e Device_Startup/system_samd21.o
 .debug_macro   0x00000000      0x8f9 Device_Startup/system_samd21.o
 .debug_macro   0x00000000      0x21c Device_Startup/system_samd21.o
 .debug_macro   0x00000000      0x735 Device_Startup/system_samd21.o
 .debug_macro   0x00000000       0x5e Device_Startup/system_samd21.o
 .debug_macro   0x00000000      0x632 Device_Startup/system_samd21.o
 .debug_macro   0x00000000      0x3ac Device_Startup/system_samd21.o
 .debug_macro   0x00000000      0xc76 Device_Startup/system_samd21.o
 .debug_macro   0x00000000     0x1092 Device_Startup/system_samd21.o
 .debug_macro   0x00000000      0xc4a Device_Startup/system_samd21.o
 .debug_macro   0x00000000      0x6ba Device_Startup/system_samd21.o
 .debug_macro   0x00000000     0x1b3d Device_Startup/system_samd21.o
 .debug_macro   0x00000000     0x143c Device_Startup/system_samd21.o
 .debug_macro   0x00000000      0x340 Device_Startup/system_samd21.o
 .debug_macro   0x00000000       0x7c Device_Startup/system_samd21.o
 .debug_macro   0x00000000       0xa0 Device_Startup/system_samd21.o
 .debug_macro   0x00000000       0x4c Device_Startup/system_samd21.o
 .debug_macro   0x00000000       0xca Device_Startup/system_samd21.o
 .debug_macro   0x00000000       0x94 Device_Startup/system_samd21.o
 .debug_macro   0x00000000       0x58 Device_Startup/system_samd21.o
 .debug_macro   0x00000000      0x341 Device_Startup/system_samd21.o
 .debug_macro   0x00000000       0x82 Device_Startup/system_samd21.o
 .debug_macro   0x00000000      0x189 Device_Startup/system_samd21.o
 .debug_macro   0x00000000       0xb8 Device_Startup/system_samd21.o
 .debug_macro   0x00000000       0xa0 Device_Startup/system_samd21.o
 .debug_macro   0x00000000       0xb2 Device_Startup/system_samd21.o
 .debug_macro   0x00000000       0x1c Device_Startup/system_samd21.o
 .debug_macro   0x00000000       0x1c Device_Startup/system_samd21.o
 .debug_macro   0x00000000       0x1c Device_Startup/system_samd21.o
 .debug_macro   0x00000000       0x7c Device_Startup/system_samd21.o
 .debug_macro   0x00000000      0x171 Device_Startup/system_samd21.o
 .debug_macro   0x00000000       0x10 Device_Startup/system_samd21.o
 .debug_macro   0x00000000       0xdc Device_Startup/system_samd21.o
 .debug_macro   0x00000000      0x124 Device_Startup/system_samd21.o
 .debug_macro   0x00000000      0x124 Device_Startup/system_samd21.o
 .debug_macro   0x00000000      0x124 Device_Startup/system_samd21.o
 .debug_macro   0x00000000      0x124 Device_Startup/system_samd21.o
 .debug_macro   0x00000000      0x124 Device_Startup/system_samd21.o
 .debug_macro   0x00000000      0x124 Device_Startup/system_samd21.o
 .debug_macro   0x00000000      0x124 Device_Startup/system_samd21.o
 .debug_macro   0x00000000       0xe2 Device_Startup/system_samd21.o
 .debug_macro   0x00000000       0xe2 Device_Startup/system_samd21.o
 .debug_macro   0x00000000       0xe2 Device_Startup/system_samd21.o
 .debug_macro   0x00000000       0xe2 Device_Startup/system_samd21.o
 .debug_macro   0x00000000       0xe2 Device_Startup/system_samd21.o
 .debug_macro   0x00000000      0x12a Device_Startup/system_samd21.o
 .debug_macro   0x00000000      0x100 Device_Startup/system_samd21.o
 .debug_macro   0x00000000       0xf4 Device_Startup/system_samd21.o
 .debug_macro   0x00000000      0x40f Device_Startup/system_samd21.o
 .debug_macro   0x00000000       0x40 Device_Startup/system_samd21.o
 .debug_macro   0x00000000      0x392 Device_Startup/system_samd21.o
 .debug_macro   0x00000000     0x1fb0 Device_Startup/system_samd21.o
 .debug_macro   0x00000000       0x6d Device_Startup/system_samd21.o
 .debug_line    0x00000000      0x6f4 Device_Startup/system_samd21.o
 .debug_str     0x00000000    0x70632 Device_Startup/system_samd21.o
 .comment       0x00000000       0x5a Device_Startup/system_samd21.o
 .debug_frame   0x00000000       0x30 Device_Startup/system_samd21.o
 .ARM.attributes
                0x00000000       0x32 Device_Startup/system_samd21.o
 .group         0x00000000        0x8 Hardware/Uart.o
 .group         0x00000000        0x8 Hardware/Uart.o
 .group         0x00000000        0x8 Hardware/Uart.o
 .group         0x00000000        0x8 Hardware/Uart.o
 .group         0x00000000        0x8 Hardware/Uart.o
 .group         0x00000000        0x8 Hardware/Uart.o
 .group         0x00000000        0x8 Hardware/Uart.o
 .group         0x00000000        0x8 Hardware/Uart.o
 .group         0x00000000        0x8 Hardware/Uart.o
 .group         0x00000000        0x8 Hardware/Uart.o
 .group         0x00000000        0x8 Hardware/Uart.o
 .group         0x00000000        0x8 Hardware/Uart.o
 .group         0x00000000        0x8 Hardware/Uart.o
 .group         0x00000000        0x8 Hardware/Uart.o
 .group         0x00000000        0x8 Hardware/Uart.o
 .group         0x00000000        0x8 Hardware/Uart.o
 .group         0x00000000        0x8 Hardware/Uart.o
 .group         0x00000000        0x8 Hardware/Uart.o
 .group         0x00000000        0x8 Hardware/Uart.o
 .group         0x00000000        0x8 Hardware/Uart.o
 .group         0x00000000        0x8 Hardware/Uart.o
 .group         0x00000000        0x8 Hardware/Uart.o
 .group         0x00000000        0x8 Hardware/Uart.o
 .group         0x00000000        0x8 Hardware/Uart.o
 .group         0x00000000        0x8 Hardware/Uart.o
 .group         0x00000000        0x8 Hardware/Uart.o
 .group         0x00000000        0x8 Hardware/Uart.o
 .group         0x00000000        0x8 Hardware/Uart.o
 .group         0x00000000        0x8 Hardware/Uart.o
 .group         0x00000000        0x8 Hardware/Uart.o
 .group         0x00000000        0x8 Hardware/Uart.o
 .group         0x00000000        0x8 Hardware/Uart.o
 .group         0x00000000        0x8 Hardware/Uart.o
 .group         0x00000000        0x8 Hardware/Uart.o
 .group         0x00000000        0x8 Hardware/Uart.o
 .group         0x00000000        0x8 Hardware/Uart.o
 .group         0x00000000        0x8 Hardware/Uart.o
 .group         0x00000000        0x8 Hardware/Uart.o
 .group         0x00000000        0x8 Hardware/Uart.o
 .group         0x00000000        0x8 Hardware/Uart.o
 .group         0x00000000        0x8 Hardware/Uart.o
 .group         0x00000000        0x8 Hardware/Uart.o
 .group         0x00000000        0x8 Hardware/Uart.o
 .group         0x00000000        0x8 Hardware/Uart.o
 .group         0x00000000        0x8 Hardware/Uart.o
 .group         0x00000000        0x8 Hardware/Uart.o
 .group         0x00000000        0x8 Hardware/Uart.o
 .group         0x00000000        0x8 Hardware/Uart.o
 .group         0x00000000        0x8 Hardware/Uart.o
 .group         0x00000000        0x8 Hardware/Uart.o
 .group         0x00000000        0x8 Hardware/Uart.o
 .group         0x00000000        0x8 Hardware/Uart.o
 .group         0x00000000        0x8 Hardware/Uart.o
 .group         0x00000000        0x8 Hardware/Uart.o
 .group         0x00000000        0x8 Hardware/Uart.o
 .group         0x00000000        0x8 Hardware/Uart.o
 .group         0x00000000        0x8 Hardware/Uart.o
 .group         0x00000000        0x8 Hardware/Uart.o
 .group         0x00000000        0x8 Hardware/Uart.o
 .group         0x00000000        0x8 Hardware/Uart.o
 .group         0x00000000        0x8 Hardware/Uart.o
 .group         0x00000000        0x8 Hardware/Uart.o
 .group         0x00000000        0x8 Hardware/Uart.o
 .group         0x00000000        0x8 Hardware/Uart.o
 .group         0x00000000        0x8 Hardware/Uart.o
 .group         0x00000000        0x8 Hardware/Uart.o
 .group         0x00000000        0x8 Hardware/Uart.o
 .group         0x00000000        0x8 Hardware/Uart.o
 .group         0x00000000        0x8 Hardware/Uart.o
 .group         0x00000000        0x8 Hardware/Uart.o
 .group         0x00000000        0x8 Hardware/Uart.o
 .group         0x00000000        0x8 Hardware/Uart.o
 .group         0x00000000        0x8 Hardware/Uart.o
 .group         0x00000000        0x8 Hardware/Uart.o
 .group         0x00000000        0x8 Hardware/Uart.o
 .group         0x00000000        0x8 Hardware/Uart.o
 .group         0x00000000        0x8 Hardware/Uart.o
 .group         0x00000000        0x8 Hardware/Uart.o
 .group         0x00000000        0x8 Hardware/Uart.o
 .group         0x00000000        0x8 Hardware/Uart.o
 .group         0x00000000        0x8 Hardware/Uart.o
 .group         0x00000000        0x8 Hardware/Uart.o
 .group         0x00000000        0x8 Hardware/Uart.o
 .group         0x00000000        0x8 Hardware/Uart.o
 .group         0x00000000        0x8 Hardware/Uart.o
 .group         0x00000000        0x8 Hardware/Uart.o
 .group         0x00000000        0x8 Hardware/Uart.o
 .group         0x00000000        0x8 Hardware/Uart.o
 .group         0x00000000        0x8 Hardware/Uart.o
 .group         0x00000000        0x8 Hardware/Uart.o
 .group         0x00000000        0x8 Hardware/Uart.o
 .group         0x00000000        0x8 Hardware/Uart.o
 .group         0x00000000        0x8 Hardware/Uart.o
 .group         0x00000000        0x8 Hardware/Uart.o
 .group         0x00000000        0x8 Hardware/Uart.o
 .group         0x00000000        0x8 Hardware/Uart.o
 .group         0x00000000        0x8 Hardware/Uart.o
 .group         0x00000000        0x8 Hardware/Uart.o
 .text          0x00000000        0x0 Hardware/Uart.o
 .data          0x00000000        0x0 Hardware/Uart.o
 .bss           0x00000000        0x0 Hardware/Uart.o
 .debug_macro   0x00000000      0x89e Hardware/Uart.o
 .debug_macro   0x00000000       0x22 Hardware/Uart.o
 .debug_macro   0x00000000       0x87 Hardware/Uart.o
 .debug_macro   0x00000000       0x51 Hardware/Uart.o
 .debug_macro   0x00000000       0xef Hardware/Uart.o
 .debug_macro   0x00000000       0x6a Hardware/Uart.o
 .debug_macro   0x00000000      0x1df Hardware/Uart.o
 .debug_macro   0x00000000       0x1c Hardware/Uart.o
 .debug_macro   0x00000000       0x22 Hardware/Uart.o
 .debug_macro   0x00000000      0x3ad Hardware/Uart.o
 .debug_macro   0x00000000      0x67e Hardware/Uart.o
 .debug_macro   0x00000000      0x8b1 Hardware/Uart.o
 .debug_macro   0x00000000      0x22e Hardware/Uart.o
 .debug_macro   0x00000000      0xd5c Hardware/Uart.o
 .debug_macro   0x00000000      0x4dc Hardware/Uart.o
 .debug_macro   0x00000000      0x9f6 Hardware/Uart.o
 .debug_macro   0x00000000      0x82b Hardware/Uart.o
 .debug_macro   0x00000000      0x45f Hardware/Uart.o
 .debug_macro   0x00000000       0x5e Hardware/Uart.o
 .debug_macro   0x00000000      0x8f9 Hardware/Uart.o
 .debug_macro   0x00000000      0x21c Hardware/Uart.o
 .debug_macro   0x00000000      0x735 Hardware/Uart.o
 .debug_macro   0x00000000       0x5e Hardware/Uart.o
 .debug_macro   0x00000000      0x632 Hardware/Uart.o
 .debug_macro   0x00000000      0x3ac Hardware/Uart.o
 .debug_macro   0x00000000      0xc76 Hardware/Uart.o
 .debug_macro   0x00000000     0x1092 Hardware/Uart.o
 .debug_macro   0x00000000      0xc4a Hardware/Uart.o
 .debug_macro   0x00000000      0x6ba Hardware/Uart.o
 .debug_macro   0x00000000     0x1b3d Hardware/Uart.o
 .debug_macro   0x00000000     0x143c Hardware/Uart.o
 .debug_macro   0x00000000      0x340 Hardware/Uart.o
 .debug_macro   0x00000000       0x7c Hardware/Uart.o
 .debug_macro   0x00000000       0xa0 Hardware/Uart.o
 .debug_macro   0x00000000       0x4c Hardware/Uart.o
 .debug_macro   0x00000000       0xca Hardware/Uart.o
 .debug_macro   0x00000000       0x94 Hardware/Uart.o
 .debug_macro   0x00000000       0x58 Hardware/Uart.o
 .debug_macro   0x00000000      0x341 Hardware/Uart.o
 .debug_macro   0x00000000       0x82 Hardware/Uart.o
 .debug_macro   0x00000000      0x189 Hardware/Uart.o
 .debug_macro   0x00000000       0xb8 Hardware/Uart.o
 .debug_macro   0x00000000       0xa0 Hardware/Uart.o
 .debug_macro   0x00000000       0xb2 Hardware/Uart.o
 .debug_macro   0x00000000       0x1c Hardware/Uart.o
 .debug_macro   0x00000000       0x1c Hardware/Uart.o
 .debug_macro   0x00000000       0x1c Hardware/Uart.o
 .debug_macro   0x00000000       0x7c Hardware/Uart.o
 .debug_macro   0x00000000      0x171 Hardware/Uart.o
 .debug_macro   0x00000000       0x10 Hardware/Uart.o
 .debug_macro   0x00000000       0xdc Hardware/Uart.o
 .debug_macro   0x00000000      0x124 Hardware/Uart.o
 .debug_macro   0x00000000      0x124 Hardware/Uart.o
 .debug_macro   0x00000000      0x124 Hardware/Uart.o
 .debug_macro   0x00000000      0x124 Hardware/Uart.o
 .debug_macro   0x00000000      0x124 Hardware/Uart.o
 .debug_macro   0x00000000      0x124 Hardware/Uart.o
 .debug_macro   0x00000000      0x124 Hardware/Uart.o
 .debug_macro   0x00000000       0xe2 Hardware/Uart.o
 .debug_macro   0x00000000       0xe2 Hardware/Uart.o
 .debug_macro   0x00000000       0xe2 Hardware/Uart.o
 .debug_macro   0x00000000       0xe2 Hardware/Uart.o
 .debug_macro   0x00000000       0xe2 Hardware/Uart.o
 .debug_macro   0x00000000      0x12a Hardware/Uart.o
 .debug_macro   0x00000000      0x100 Hardware/Uart.o
 .debug_macro   0x00000000       0xf4 Hardware/Uart.o
 .debug_macro   0x00000000      0x40f Hardware/Uart.o
 .debug_macro   0x00000000       0x40 Hardware/Uart.o
 .debug_macro   0x00000000      0x392 Hardware/Uart.o
 .debug_macro   0x00000000     0x1fb0 Hardware/Uart.o
 .debug_macro   0x00000000       0x6d Hardware/Uart.o
 .group         0x00000000        0x8 main.o
 .group         0x00000000        0x8 main.o
 .group         0x00000000        0x8 main.o
 .group         0x00000000        0x8 main.o
 .group         0x00000000        0x8 main.o
 .group         0x00000000        0x8 main.o
 .group         0x00000000        0x8 main.o
 .group         0x00000000        0x8 main.o
 .group         0x00000000        0x8 main.o
 .group         0x00000000        0x8 main.o
 .group         0x00000000        0x8 main.o
 .group         0x00000000        0x8 main.o
 .group         0x00000000        0x8 main.o
 .group         0x00000000        0x8 main.o
 .group         0x00000000        0x8 main.o
 .group         0x00000000        0x8 main.o
 .group         0x00000000        0x8 main.o
 .group         0x00000000        0x8 main.o
 .group         0x00000000        0x8 main.o
 .group         0x00000000        0x8 main.o
 .group         0x00000000        0x8 main.o
 .group         0x00000000        0x8 main.o
 .group         0x00000000        0x8 main.o
 .group         0x00000000        0x8 main.o
 .group         0x00000000        0x8 main.o
 .group         0x00000000        0x8 main.o
 .group         0x00000000        0x8 main.o
 .group         0x00000000        0x8 main.o
 .group         0x00000000        0x8 main.o
 .group         0x00000000        0x8 main.o
 .group         0x00000000        0x8 main.o
 .group         0x00000000        0x8 main.o
 .group         0x00000000        0x8 main.o
 .group         0x00000000        0x8 main.o
 .group         0x00000000        0x8 main.o
 .group         0x00000000        0x8 main.o
 .group         0x00000000        0x8 main.o
 .group         0x00000000        0x8 main.o
 .group         0x00000000        0x8 main.o
 .group         0x00000000        0x8 main.o
 .group         0x00000000        0x8 main.o
 .group         0x00000000        0x8 main.o
 .group         0x00000000        0x8 main.o
 .group         0x00000000        0x8 main.o
 .group         0x00000000        0x8 main.o
 .group         0x00000000        0x8 main.o
 .group         0x00000000        0x8 main.o
 .group         0x00000000        0x8 main.o
 .group         0x00000000        0x8 main.o
 .group         0x00000000        0x8 main.o
 .group         0x00000000        0x8 main.o
 .group         0x00000000        0x8 main.o
 .group         0x00000000        0x8 main.o
 .group         0x00000000        0x8 main.o
 .group         0x00000000        0x8 main.o
 .group         0x00000000        0x8 main.o
 .group         0x00000000        0x8 main.o
 .group         0x00000000        0x8 main.o
 .group         0x00000000        0x8 main.o
 .group         0x00000000        0x8 main.o
 .group         0x00000000        0x8 main.o
 .group         0x00000000        0x8 main.o
 .group         0x00000000        0x8 main.o
 .group         0x00000000        0x8 main.o
 .group         0x00000000        0x8 main.o
 .group         0x00000000        0x8 main.o
 .group         0x00000000        0x8 main.o
 .group         0x00000000        0x8 main.o
 .group         0x00000000        0x8 main.o
 .group         0x00000000        0x8 main.o
 .group         0x00000000        0x8 main.o
 .group         0x00000000        0x8 main.o
 .group         0x00000000        0x8 main.o
 .text          0x00000000        0x0 main.o
 .data          0x00000000        0x0 main.o
 .bss           0x00000000        0x0 main.o
 .debug_macro   0x00000000      0x89e main.o
 .debug_macro   0x00000000       0x22 main.o
 .debug_macro   0x00000000       0x87 main.o
 .debug_macro   0x00000000       0x51 main.o
 .debug_macro   0x00000000       0xef main.o
 .debug_macro   0x00000000       0x6a main.o
 .debug_macro   0x00000000      0x1df main.o
 .debug_macro   0x00000000       0x39 main.o
 .debug_macro   0x00000000       0x1c main.o
 .debug_macro   0x00000000       0x22 main.o
 .debug_macro   0x00000000       0xb5 main.o
 .debug_macro   0x00000000      0x3ad main.o
 .debug_macro   0x00000000      0x67e main.o
 .debug_macro   0x00000000      0x8b1 main.o
 .debug_macro   0x00000000      0x22e main.o
 .debug_macro   0x00000000      0xd5c main.o
 .debug_macro   0x00000000      0x4dc main.o
 .debug_macro   0x00000000      0x9f6 main.o
 .debug_macro   0x00000000      0x82b main.o
 .debug_macro   0x00000000      0x45f main.o
 .debug_macro   0x00000000       0x5e main.o
 .debug_macro   0x00000000      0x8f9 main.o
 .debug_macro   0x00000000      0x21c main.o
 .debug_macro   0x00000000      0x735 main.o
 .debug_macro   0x00000000       0x5e main.o
 .debug_macro   0x00000000      0x632 main.o
 .debug_macro   0x00000000      0x3ac main.o
 .debug_macro   0x00000000      0xc76 main.o
 .debug_macro   0x00000000     0x1092 main.o
 .debug_macro   0x00000000      0xc4a main.o
 .debug_macro   0x00000000      0x6ba main.o
 .debug_macro   0x00000000     0x1b3d main.o
 .debug_macro   0x00000000     0x143c main.o
 .debug_macro   0x00000000      0x340 main.o
 .debug_macro   0x00000000       0x7c main.o
 .debug_macro   0x00000000       0xa0 main.o
 .debug_macro   0x00000000       0x4c main.o
 .debug_macro   0x00000000       0xca main.o
 .debug_macro   0x00000000       0x94 main.o
 .debug_macro   0x00000000       0x58 main.o
 .debug_macro   0x00000000      0x341 main.o
 .debug_macro   0x00000000       0x82 main.o
 .debug_macro   0x00000000      0x189 main.o
 .debug_macro   0x00000000       0xb8 main.o
 .debug_macro   0x00000000       0xa0 main.o
 .debug_macro   0x00000000       0xb2 main.o
 .debug_macro   0x00000000       0x1c main.o
 .debug_macro   0x00000000       0x1c main.o
 .debug_macro   0x00000000       0x1c main.o
 .debug_macro   0x00000000       0x7c main.o
 .debug_macro   0x00000000      0x171 main.o
 .debug_macro   0x00000000       0x10 main.o
 .debug_macro   0x00000000       0xdc main.o
 .debug_macro   0x00000000      0x124 main.o
 .debug_macro   0x00000000      0x124 main.o
 .debug_macro   0x00000000      0x124 main.o
 .debug_macro   0x00000000      0x124 main.o
 .debug_macro   0x00000000      0x124 main.o
 .debug_macro   0x00000000      0x124 main.o
 .debug_macro   0x00000000      0x124 main.o
 .debug_macro   0x00000000       0xe2 main.o
 .debug_macro   0x00000000       0xe2 main.o
 .debug_macro   0x00000000       0xe2 main.o
 .debug_macro   0x00000000       0xe2 main.o
 .debug_macro   0x00000000       0xe2 main.o
 .debug_macro   0x00000000      0x12a main.o
 .debug_macro   0x00000000      0x100 main.o
 .debug_macro   0x00000000       0xf4 main.o
 .debug_macro   0x00000000      0x40f main.o
 .debug_macro   0x00000000       0x40 main.o
 .debug_macro   0x00000000      0x392 main.o
 .debug_macro   0x00000000     0x1fb0 main.o
 .debug_macro   0x00000000       0x6d main.o
 .group         0x00000000        0x8 Utils/Utils.o
 .group         0x00000000        0x8 Utils/Utils.o
 .group         0x00000000        0x8 Utils/Utils.o
 .group         0x00000000        0x8 Utils/Utils.o
 .group         0x00000000        0x8 Utils/Utils.o
 .group         0x00000000        0x8 Utils/Utils.o
 .group         0x00000000        0x8 Utils/Utils.o
 .group         0x00000000        0x8 Utils/Utils.o
 .group         0x00000000        0x8 Utils/Utils.o
 .group         0x00000000        0x8 Utils/Utils.o
 .group         0x00000000        0x8 Utils/Utils.o
 .group         0x00000000        0x8 Utils/Utils.o
 .group         0x00000000        0x8 Utils/Utils.o
 .group         0x00000000        0x8 Utils/Utils.o
 .group         0x00000000        0x8 Utils/Utils.o
 .group         0x00000000        0x8 Utils/Utils.o
 .group         0x00000000        0x8 Utils/Utils.o
 .group         0x00000000        0x8 Utils/Utils.o
 .group         0x00000000        0x8 Utils/Utils.o
 .group         0x00000000        0x8 Utils/Utils.o
 .group         0x00000000        0x8 Utils/Utils.o
 .group         0x00000000        0x8 Utils/Utils.o
 .group         0x00000000        0x8 Utils/Utils.o
 .group         0x00000000        0x8 Utils/Utils.o
 .group         0x00000000        0x8 Utils/Utils.o
 .group         0x00000000        0x8 Utils/Utils.o
 .group         0x00000000        0x8 Utils/Utils.o
 .group         0x00000000        0x8 Utils/Utils.o
 .group         0x00000000        0x8 Utils/Utils.o
 .group         0x00000000        0x8 Utils/Utils.o
 .group         0x00000000        0x8 Utils/Utils.o
 .group         0x00000000        0x8 Utils/Utils.o
 .text          0x00000000        0x0 Utils/Utils.o
 .data          0x00000000        0x0 Utils/Utils.o
 .bss           0x00000000       0x1c Utils/Utils.o
 .text.UTILS_ASCIIParser
                0x00000000       0xcc Utils/Utils.o
 .rodata        0x00000000       0x60 Utils/Utils.o
 .text.UTILS_HEXtoASCII
                0x00000000       0x1c Utils/Utils.o
 .text.UTILS_DECtoASCII
                0x00000000       0x9c Utils/Utils.o
 .text.UTILS_toBigEndian
                0x00000000        0x6 Utils/Utils.o
 .text.UTILS_toSmallEndian
                0x00000000        0x6 Utils/Utils.o
 .text.UTILS_CheckSum8
                0x00000000       0x3c Utils/Utils.o
 .text.UTILS_HEX_to_ASCIIstring
                0x00000000       0x2c Utils/Utils.o
 .text.UTILS_power
                0x00000000       0x44 Utils/Utils.o
 .debug_info    0x00000000      0xdc1 Utils/Utils.o
 .debug_abbrev  0x00000000      0x296 Utils/Utils.o
 .debug_loc     0x00000000      0x509 Utils/Utils.o
 .debug_aranges
                0x00000000       0x58 Utils/Utils.o
 .debug_ranges  0x00000000       0x48 Utils/Utils.o
 .debug_macro   0x00000000      0x1ee Utils/Utils.o
 .debug_macro   0x00000000      0x89e Utils/Utils.o
 .debug_macro   0x00000000       0x22 Utils/Utils.o
 .debug_macro   0x00000000       0x87 Utils/Utils.o
 .debug_macro   0x00000000       0x51 Utils/Utils.o
 .debug_macro   0x00000000       0xef Utils/Utils.o
 .debug_macro   0x00000000       0x6a Utils/Utils.o
 .debug_macro   0x00000000      0x1df Utils/Utils.o
 .debug_macro   0x00000000      0x16d Utils/Utils.o
 .debug_macro   0x00000000       0x58 Utils/Utils.o
 .debug_macro   0x00000000       0x35 Utils/Utils.o
 .debug_macro   0x00000000       0x9c Utils/Utils.o
 .debug_macro   0x00000000       0x16 Utils/Utils.o
 .debug_macro   0x00000000       0x35 Utils/Utils.o
 .debug_macro   0x00000000      0x353 Utils/Utils.o
 .debug_macro   0x00000000       0x10 Utils/Utils.o
 .debug_macro   0x00000000       0x58 Utils/Utils.o
 .debug_macro   0x00000000       0x1f Utils/Utils.o
 .debug_macro   0x00000000       0x43 Utils/Utils.o
 .debug_macro   0x00000000       0x20 Utils/Utils.o
 .debug_macro   0x00000000      0x187 Utils/Utils.o
 .debug_macro   0x00000000       0x10 Utils/Utils.o
 .debug_macro   0x00000000       0x1c Utils/Utils.o
 .debug_macro   0x00000000       0x52 Utils/Utils.o
 .debug_macro   0x00000000       0x40 Utils/Utils.o
 .debug_macro   0x00000000       0x10 Utils/Utils.o
 .debug_macro   0x00000000       0x40 Utils/Utils.o
 .debug_macro   0x00000000       0xd7 Utils/Utils.o
 .debug_macro   0x00000000       0x16 Utils/Utils.o
 .debug_macro   0x00000000      0x18b Utils/Utils.o
 .debug_macro   0x00000000       0x22 Utils/Utils.o
 .debug_macro   0x00000000       0x16 Utils/Utils.o
 .debug_macro   0x00000000       0xe2 Utils/Utils.o
 .debug_line    0x00000000      0x4a3 Utils/Utils.o
 .debug_str     0x00000000     0x7d73 Utils/Utils.o
 .comment       0x00000000       0x5a Utils/Utils.o
 .debug_frame   0x00000000       0xf0 Utils/Utils.o
 .ARM.attributes
                0x00000000       0x32 Utils/Utils.o
 .text          0x00000000      0x1d4 c:/program files (x86)/atmel/studio/7.0/toolchain/arm/arm-gnu-toolchain/bin/../lib/gcc/arm-none-eabi/6.3.1/thumb/v6-m\libgcc.a(_divsi3.o)
 .data          0x00000000        0x0 c:/program files (x86)/atmel/studio/7.0/toolchain/arm/arm-gnu-toolchain/bin/../lib/gcc/arm-none-eabi/6.3.1/thumb/v6-m\libgcc.a(_divsi3.o)
 .bss           0x00000000        0x0 c:/program files (x86)/atmel/studio/7.0/toolchain/arm/arm-gnu-toolchain/bin/../lib/gcc/arm-none-eabi/6.3.1/thumb/v6-m\libgcc.a(_divsi3.o)
 .debug_frame   0x00000000       0x20 c:/program files (x86)/atmel/studio/7.0/toolchain/arm/arm-gnu-toolchain/bin/../lib/gcc/arm-none-eabi/6.3.1/thumb/v6-m\libgcc.a(_divsi3.o)
 .ARM.attributes
                0x00000000       0x1e c:/program files (x86)/atmel/studio/7.0/toolchain/arm/arm-gnu-toolchain/bin/../lib/gcc/arm-none-eabi/6.3.1/thumb/v6-m\libgcc.a(_divsi3.o)
 .text          0x00000000        0x4 c:/program files (x86)/atmel/studio/7.0/toolchain/arm/arm-gnu-toolchain/bin/../lib/gcc/arm-none-eabi/6.3.1/thumb/v6-m\libgcc.a(_dvmd_tls.o)
 .data          0x00000000        0x0 c:/program files (x86)/atmel/studio/7.0/toolchain/arm/arm-gnu-toolchain/bin/../lib/gcc/arm-none-eabi/6.3.1/thumb/v6-m\libgcc.a(_dvmd_tls.o)
 .bss           0x00000000        0x0 c:/program files (x86)/atmel/studio/7.0/toolchain/arm/arm-gnu-toolchain/bin/../lib/gcc/arm-none-eabi/6.3.1/thumb/v6-m\libgcc.a(_dvmd_tls.o)
 .ARM.attributes
                0x00000000       0x1e c:/program files (x86)/atmel/studio/7.0/toolchain/arm/arm-gnu-toolchain/bin/../lib/gcc/arm-none-eabi/6.3.1/thumb/v6-m\libgcc.a(_dvmd_tls.o)
 .text          0x00000000       0x54 c:/program files (x86)/atmel/studio/7.0/toolchain/arm/arm-gnu-toolchain/bin/../lib/gcc/arm-none-eabi/6.3.1/thumb/v6-m\libgcc.a(_muldi3.o)
 .data          0x00000000        0x0 c:/program files (x86)/atmel/studio/7.0/toolchain/arm/arm-gnu-toolchain/bin/../lib/gcc/arm-none-eabi/6.3.1/thumb/v6-m\libgcc.a(_muldi3.o)
 .bss           0x00000000        0x0 c:/program files (x86)/atmel/studio/7.0/toolchain/arm/arm-gnu-toolchain/bin/../lib/gcc/arm-none-eabi/6.3.1/thumb/v6-m\libgcc.a(_muldi3.o)
 .debug_frame   0x00000000       0x34 c:/program files (x86)/atmel/studio/7.0/toolchain/arm/arm-gnu-toolchain/bin/../lib/gcc/arm-none-eabi/6.3.1/thumb/v6-m\libgcc.a(_muldi3.o)
 .ARM.attributes
                0x00000000       0x2c c:/program files (x86)/atmel/studio/7.0/toolchain/arm/arm-gnu-toolchain/bin/../lib/gcc/arm-none-eabi/6.3.1/thumb/v6-m\libgcc.a(_muldi3.o)
 .text          0x00000000        0x0 c:/program files (x86)/atmel/studio/7.0/toolchain/arm/arm-gnu-toolchain/bin/../lib/gcc/arm-none-eabi/6.3.1/../../../../arm-none-eabi/lib/thumb/v6-m\libc.a(lib_a-exit.o)
 .data          0x00000000        0x0 c:/program files (x86)/atmel/studio/7.0/toolchain/arm/arm-gnu-toolchain/bin/../lib/gcc/arm-none-eabi/6.3.1/../../../../arm-none-eabi/lib/thumb/v6-m\libc.a(lib_a-exit.o)
 .bss           0x00000000        0x0 c:/program files (x86)/atmel/studio/7.0/toolchain/arm/arm-gnu-toolchain/bin/../lib/gcc/arm-none-eabi/6.3.1/../../../../arm-none-eabi/lib/thumb/v6-m\libc.a(lib_a-exit.o)
 .text.exit     0x00000000       0x20 c:/program files (x86)/atmel/studio/7.0/toolchain/arm/arm-gnu-toolchain/bin/../lib/gcc/arm-none-eabi/6.3.1/../../../../arm-none-eabi/lib/thumb/v6-m\libc.a(lib_a-exit.o)
 .debug_frame   0x00000000       0x28 c:/program files (x86)/atmel/studio/7.0/toolchain/arm/arm-gnu-toolchain/bin/../lib/gcc/arm-none-eabi/6.3.1/../../../../arm-none-eabi/lib/thumb/v6-m\libc.a(lib_a-exit.o)
 .ARM.attributes
                0x00000000       0x2c c:/program files (x86)/atmel/studio/7.0/toolchain/arm/arm-gnu-toolchain/bin/../lib/gcc/arm-none-eabi/6.3.1/../../../../arm-none-eabi/lib/thumb/v6-m\libc.a(lib_a-exit.o)
 .text          0x00000000        0x0 c:/program files (x86)/atmel/studio/7.0/toolchain/arm/arm-gnu-toolchain/bin/../lib/gcc/arm-none-eabi/6.3.1/../../../../arm-none-eabi/lib/thumb/v6-m\libc.a(lib_a-impure.o)
 .data          0x00000000        0x0 c:/program files (x86)/atmel/studio/7.0/toolchain/arm/arm-gnu-toolchain/bin/../lib/gcc/arm-none-eabi/6.3.1/../../../../arm-none-eabi/lib/thumb/v6-m\libc.a(lib_a-impure.o)
 .bss           0x00000000        0x0 c:/program files (x86)/atmel/studio/7.0/toolchain/arm/arm-gnu-toolchain/bin/../lib/gcc/arm-none-eabi/6.3.1/../../../../arm-none-eabi/lib/thumb/v6-m\libc.a(lib_a-impure.o)
 .data._impure_ptr
                0x00000000        0x4 c:/program files (x86)/atmel/studio/7.0/toolchain/arm/arm-gnu-toolchain/bin/../lib/gcc/arm-none-eabi/6.3.1/../../../../arm-none-eabi/lib/thumb/v6-m\libc.a(lib_a-impure.o)
 .text          0x00000000        0x0 c:/program files (x86)/atmel/studio/7.0/toolchain/arm/arm-gnu-toolchain/bin/../lib/gcc/arm-none-eabi/6.3.1/../../../../arm-none-eabi/lib/thumb/v6-m\libc.a(lib_a-init.o)
 .data          0x00000000        0x0 c:/program files (x86)/atmel/studio/7.0/toolchain/arm/arm-gnu-toolchain/bin/../lib/gcc/arm-none-eabi/6.3.1/../../../../arm-none-eabi/lib/thumb/v6-m\libc.a(lib_a-init.o)
 .bss           0x00000000        0x0 c:/program files (x86)/atmel/studio/7.0/toolchain/arm/arm-gnu-toolchain/bin/../lib/gcc/arm-none-eabi/6.3.1/../../../../arm-none-eabi/lib/thumb/v6-m\libc.a(lib_a-init.o)
 .text          0x00000000        0x0 c:/program files (x86)/atmel/studio/7.0/toolchain/arm/arm-gnu-toolchain/bin/../lib/gcc/arm-none-eabi/6.3.1/../../../../arm-none-eabi/lib/thumb/v6-m\libc.a(lib_a-memset.o)
 .data          0x00000000        0x0 c:/program files (x86)/atmel/studio/7.0/toolchain/arm/arm-gnu-toolchain/bin/../lib/gcc/arm-none-eabi/6.3.1/../../../../arm-none-eabi/lib/thumb/v6-m\libc.a(lib_a-memset.o)
 .bss           0x00000000        0x0 c:/program files (x86)/atmel/studio/7.0/toolchain/arm/arm-gnu-toolchain/bin/../lib/gcc/arm-none-eabi/6.3.1/../../../../arm-none-eabi/lib/thumb/v6-m\libc.a(lib_a-memset.o)
 .text.memset   0x00000000       0x94 c:/program files (x86)/atmel/studio/7.0/toolchain/arm/arm-gnu-toolchain/bin/../lib/gcc/arm-none-eabi/6.3.1/../../../../arm-none-eabi/lib/thumb/v6-m\libc.a(lib_a-memset.o)
 .debug_frame   0x00000000       0x30 c:/program files (x86)/atmel/studio/7.0/toolchain/arm/arm-gnu-toolchain/bin/../lib/gcc/arm-none-eabi/6.3.1/../../../../arm-none-eabi/lib/thumb/v6-m\libc.a(lib_a-memset.o)
 .ARM.attributes
                0x00000000       0x2c c:/program files (x86)/atmel/studio/7.0/toolchain/arm/arm-gnu-toolchain/bin/../lib/gcc/arm-none-eabi/6.3.1/../../../../arm-none-eabi/lib/thumb/v6-m\libc.a(lib_a-memset.o)
 .text          0x00000000        0x0 c:/program files (x86)/atmel/studio/7.0/toolchain/arm/arm-gnu-toolchain/bin/../lib/gcc/arm-none-eabi/6.3.1/../../../../arm-none-eabi/lib/thumb/v6-m\libc.a(lib_a-strcat.o)
 .data          0x00000000        0x0 c:/program files (x86)/atmel/studio/7.0/toolchain/arm/arm-gnu-toolchain/bin/../lib/gcc/arm-none-eabi/6.3.1/../../../../arm-none-eabi/lib/thumb/v6-m\libc.a(lib_a-strcat.o)
 .bss           0x00000000        0x0 c:/program files (x86)/atmel/studio/7.0/toolchain/arm/arm-gnu-toolchain/bin/../lib/gcc/arm-none-eabi/6.3.1/../../../../arm-none-eabi/lib/thumb/v6-m\libc.a(lib_a-strcat.o)
 .text.strcat   0x00000000       0x4c c:/program files (x86)/atmel/studio/7.0/toolchain/arm/arm-gnu-toolchain/bin/../lib/gcc/arm-none-eabi/6.3.1/../../../../arm-none-eabi/lib/thumb/v6-m\libc.a(lib_a-strcat.o)
 .debug_frame   0x00000000       0x2c c:/program files (x86)/atmel/studio/7.0/toolchain/arm/arm-gnu-toolchain/bin/../lib/gcc/arm-none-eabi/6.3.1/../../../../arm-none-eabi/lib/thumb/v6-m\libc.a(lib_a-strcat.o)
 .ARM.attributes
                0x00000000       0x2c c:/program files (x86)/atmel/studio/7.0/toolchain/arm/arm-gnu-toolchain/bin/../lib/gcc/arm-none-eabi/6.3.1/../../../../arm-none-eabi/lib/thumb/v6-m\libc.a(lib_a-strcat.o)
 .text          0x00000000        0x0 c:/program files (x86)/atmel/studio/7.0/toolchain/arm/arm-gnu-toolchain/bin/../lib/gcc/arm-none-eabi/6.3.1/../../../../arm-none-eabi/lib/thumb/v6-m\libc.a(lib_a-strcpy.o)
 .data          0x00000000        0x0 c:/program files (x86)/atmel/studio/7.0/toolchain/arm/arm-gnu-toolchain/bin/../lib/gcc/arm-none-eabi/6.3.1/../../../../arm-none-eabi/lib/thumb/v6-m\libc.a(lib_a-strcpy.o)
 .bss           0x00000000        0x0 c:/program files (x86)/atmel/studio/7.0/toolchain/arm/arm-gnu-toolchain/bin/../lib/gcc/arm-none-eabi/6.3.1/../../../../arm-none-eabi/lib/thumb/v6-m\libc.a(lib_a-strcpy.o)
 .text.strcpy   0x00000000       0x10 c:/program files (x86)/atmel/studio/7.0/toolchain/arm/arm-gnu-toolchain/bin/../lib/gcc/arm-none-eabi/6.3.1/../../../../arm-none-eabi/lib/thumb/v6-m\libc.a(lib_a-strcpy.o)
 .debug_frame   0x00000000       0x20 c:/program files (x86)/atmel/studio/7.0/toolchain/arm/arm-gnu-toolchain/bin/../lib/gcc/arm-none-eabi/6.3.1/../../../../arm-none-eabi/lib/thumb/v6-m\libc.a(lib_a-strcpy.o)
 .ARM.attributes
                0x00000000       0x2c c:/program files (x86)/atmel/studio/7.0/toolchain/arm/arm-gnu-toolchain/bin/../lib/gcc/arm-none-eabi/6.3.1/../../../../arm-none-eabi/lib/thumb/v6-m\libc.a(lib_a-strcpy.o)
 .text          0x00000000        0x0 c:/program files (x86)/atmel/studio/7.0/toolchain/arm/arm-gnu-toolchain/bin/../lib/gcc/arm-none-eabi/6.3.1/../../../../arm-none-eabi/lib/thumb/v6-m\libc.a(lib_a-__call_atexit.o)
 .data          0x00000000        0x0 c:/program files (x86)/atmel/studio/7.0/toolchain/arm/arm-gnu-toolchain/bin/../lib/gcc/arm-none-eabi/6.3.1/../../../../arm-none-eabi/lib/thumb/v6-m\libc.a(lib_a-__call_atexit.o)
 .bss           0x00000000        0x0 c:/program files (x86)/atmel/studio/7.0/toolchain/arm/arm-gnu-toolchain/bin/../lib/gcc/arm-none-eabi/6.3.1/../../../../arm-none-eabi/lib/thumb/v6-m\libc.a(lib_a-__call_atexit.o)
 .text.__call_exitprocs
                0x00000000      0x110 c:/program files (x86)/atmel/studio/7.0/toolchain/arm/arm-gnu-toolchain/bin/../lib/gcc/arm-none-eabi/6.3.1/../../../../arm-none-eabi/lib/thumb/v6-m\libc.a(lib_a-__call_atexit.o)
 .text          0x00000000        0x0 c:/program files (x86)/atmel/studio/7.0/toolchain/arm/arm-gnu-toolchain/bin/../lib/gcc/arm-none-eabi/6.3.1/../../../../arm-none-eabi/lib/thumb/v6-m\libc.a(lib_a-atexit.o)
 .data          0x00000000        0x0 c:/program files (x86)/atmel/studio/7.0/toolchain/arm/arm-gnu-toolchain/bin/../lib/gcc/arm-none-eabi/6.3.1/../../../../arm-none-eabi/lib/thumb/v6-m\libc.a(lib_a-atexit.o)
 .bss           0x00000000        0x0 c:/program files (x86)/atmel/studio/7.0/toolchain/arm/arm-gnu-toolchain/bin/../lib/gcc/arm-none-eabi/6.3.1/../../../../arm-none-eabi/lib/thumb/v6-m\libc.a(lib_a-atexit.o)
 .text          0x00000000        0x0 c:/program files (x86)/atmel/studio/7.0/toolchain/arm/arm-gnu-toolchain/bin/../lib/gcc/arm-none-eabi/6.3.1/../../../../arm-none-eabi/lib/thumb/v6-m\libc.a(lib_a-fini.o)
 .data          0x00000000        0x0 c:/program files (x86)/atmel/studio/7.0/toolchain/arm/arm-gnu-toolchain/bin/../lib/gcc/arm-none-eabi/6.3.1/../../../../arm-none-eabi/lib/thumb/v6-m\libc.a(lib_a-fini.o)
 .bss           0x00000000        0x0 c:/program files (x86)/atmel/studio/7.0/toolchain/arm/arm-gnu-toolchain/bin/../lib/gcc/arm-none-eabi/6.3.1/../../../../arm-none-eabi/lib/thumb/v6-m\libc.a(lib_a-fini.o)
 .text          0x00000000        0x0 c:/program files (x86)/atmel/studio/7.0/toolchain/arm/arm-gnu-toolchain/bin/../lib/gcc/arm-none-eabi/6.3.1/../../../../arm-none-eabi/lib/thumb/v6-m\libc.a(lib_a-lock.o)
 .data          0x00000000        0x0 c:/program files (x86)/atmel/studio/7.0/toolchain/arm/arm-gnu-toolchain/bin/../lib/gcc/arm-none-eabi/6.3.1/../../../../arm-none-eabi/lib/thumb/v6-m\libc.a(lib_a-lock.o)
 .bss           0x00000000        0x0 c:/program files (x86)/atmel/studio/7.0/toolchain/arm/arm-gnu-toolchain/bin/../lib/gcc/arm-none-eabi/6.3.1/../../../../arm-none-eabi/lib/thumb/v6-m\libc.a(lib_a-lock.o)
 .text.__retarget_lock_init
                0x00000000        0x4 c:/program files (x86)/atmel/studio/7.0/toolchain/arm/arm-gnu-toolchain/bin/../lib/gcc/arm-none-eabi/6.3.1/../../../../arm-none-eabi/lib/thumb/v6-m\libc.a(lib_a-lock.o)
 .text.__retarget_lock_init_recursive
                0x00000000        0x4 c:/program files (x86)/atmel/studio/7.0/toolchain/arm/arm-gnu-toolchain/bin/../lib/gcc/arm-none-eabi/6.3.1/../../../../arm-none-eabi/lib/thumb/v6-m\libc.a(lib_a-lock.o)
 .text.__retarget_lock_close
                0x00000000        0x4 c:/program files (x86)/atmel/studio/7.0/toolchain/arm/arm-gnu-toolchain/bin/../lib/gcc/arm-none-eabi/6.3.1/../../../../arm-none-eabi/lib/thumb/v6-m\libc.a(lib_a-lock.o)
 .text.__retarget_lock_close_recursive
                0x00000000        0x4 c:/program files (x86)/atmel/studio/7.0/toolchain/arm/arm-gnu-toolchain/bin/../lib/gcc/arm-none-eabi/6.3.1/../../../../arm-none-eabi/lib/thumb/v6-m\libc.a(lib_a-lock.o)
 .text.__retarget_lock_acquire
                0x00000000        0x4 c:/program files (x86)/atmel/studio/7.0/toolchain/arm/arm-gnu-toolchain/bin/../lib/gcc/arm-none-eabi/6.3.1/../../../../arm-none-eabi/lib/thumb/v6-m\libc.a(lib_a-lock.o)
 .text.__retarget_lock_try_acquire
                0x00000000        0x4 c:/program files (x86)/atmel/studio/7.0/toolchain/arm/arm-gnu-toolchain/bin/../lib/gcc/arm-none-eabi/6.3.1/../../../../arm-none-eabi/lib/thumb/v6-m\libc.a(lib_a-lock.o)
 .text.__retarget_lock_try_acquire_recursive
                0x00000000        0x4 c:/program files (x86)/atmel/studio/7.0/toolchain/arm/arm-gnu-toolchain/bin/../lib/gcc/arm-none-eabi/6.3.1/../../../../arm-none-eabi/lib/thumb/v6-m\libc.a(lib_a-lock.o)
 .text.__retarget_lock_release
                0x00000000        0x4 c:/program files (x86)/atmel/studio/7.0/toolchain/arm/arm-gnu-toolchain/bin/../lib/gcc/arm-none-eabi/6.3.1/../../../../arm-none-eabi/lib/thumb/v6-m\libc.a(lib_a-lock.o)
 .text          0x00000000        0x0 c:/program files (x86)/atmel/studio/7.0/toolchain/arm/arm-gnu-toolchain/bin/../lib/gcc/arm-none-eabi/6.3.1/../../../../arm-none-eabi/lib/thumb/v6-m\libc.a(lib_a-__atexit.o)
 .data          0x00000000        0x0 c:/program files (x86)/atmel/studio/7.0/toolchain/arm/arm-gnu-toolchain/bin/../lib/gcc/arm-none-eabi/6.3.1/../../../../arm-none-eabi/lib/thumb/v6-m\libc.a(lib_a-__atexit.o)
 .bss           0x00000000        0x0 c:/program files (x86)/atmel/studio/7.0/toolchain/arm/arm-gnu-toolchain/bin/../lib/gcc/arm-none-eabi/6.3.1/../../../../arm-none-eabi/lib/thumb/v6-m\libc.a(lib_a-__atexit.o)
 .text          0x00000000        0x0 c:/program files (x86)/atmel/studio/7.0/toolchain/arm/arm-gnu-toolchain/bin/../lib/gcc/arm-none-eabi/6.3.1/thumb/v6-m/crtend.o
 .data          0x00000000        0x0 c:/program files (x86)/atmel/studio/7.0/toolchain/arm/arm-gnu-toolchain/bin/../lib/gcc/arm-none-eabi/6.3.1/thumb/v6-m/crtend.o
 .bss           0x00000000        0x0 c:/program files (x86)/atmel/studio/7.0/toolchain/arm/arm-gnu-toolchain/bin/../lib/gcc/arm-none-eabi/6.3.1/thumb/v6-m/crtend.o
 .eh_frame      0x00000000        0x4 c:/program files (x86)/atmel/studio/7.0/toolchain/arm/arm-gnu-toolchain/bin/../lib/gcc/arm-none-eabi/6.3.1/thumb/v6-m/crtend.o
 .jcr           0x00000000        0x4 c:/program files (x86)/atmel/studio/7.0/toolchain/arm/arm-gnu-toolchain/bin/../lib/gcc/arm-none-eabi/6.3.1/thumb/v6-m/crtend.o
 .ARM.attributes
                0x00000000       0x2c c:/program files (x86)/atmel/studio/7.0/toolchain/arm/arm-gnu-toolchain/bin/../lib/gcc/arm-none-eabi/6.3.1/thumb/v6-m/crtend.o
 .text          0x00000000        0x0 c:/program files (x86)/atmel/studio/7.0/toolchain/arm/arm-gnu-toolchain/bin/../lib/gcc/arm-none-eabi/6.3.1/thumb/v6-m/crtn.o
 .data          0x00000000        0x0 c:/program files (x86)/atmel/studio/7.0/toolchain/arm/arm-gnu-toolchain/bin/../lib/gcc/arm-none-eabi/6.3.1/thumb/v6-m/crtn.o
 .bss           0x00000000        0x0 c:/program files (x86)/atmel/studio/7.0/toolchain/arm/arm-gnu-toolchain/bin/../lib/gcc/arm-none-eabi/6.3.1/thumb/v6-m/crtn.o

Memory Configuration

Name             Origin             Length             Attributes
rom              0x00000000         0x00040000         xr
ram              0x20000000         0x00008000         xrw
*default*        0x00000000         0xffffffff

Linker script and memory map

LOAD c:/program files (x86)/atmel/studio/7.0/toolchain/arm/arm-gnu-toolchain/bin/../lib/gcc/arm-none-eabi/6.3.1/thumb/v6-m/crti.o
LOAD c:/program files (x86)/atmel/studio/7.0/toolchain/arm/arm-gnu-toolchain/bin/../lib/gcc/arm-none-eabi/6.3.1/thumb/v6-m/crtbegin.o
LOAD c:/program files (x86)/atmel/studio/7.0/toolchain/arm/arm-gnu-toolchain/bin/../lib/gcc/arm-none-eabi/6.3.1/../../../../arm-none-eabi/lib/thumb/v6-m/crt0.o
LOAD Device_Startup/startup_samd21.o
LOAD Device_Startup/system_samd21.o
LOAD Hardware/Uart.o
LOAD main.o
LOAD Utils/Utils.o
START GROUP
LOAD c:/program files (x86)/atmel/studio/7.0/toolchain/arm/arm-gnu-toolchain/bin/../lib/gcc/arm-none-eabi/6.3.1/../../../../arm-none-eabi/lib/thumb/v6-m\libm.a
END GROUP
START GROUP
LOAD c:/program files (x86)/atmel/studio/7.0/toolchain/arm/arm-gnu-toolchain/bin/../lib/gcc/arm-none-eabi/6.3.1/thumb/v6-m\libgcc.a
LOAD c:/program files (x86)/atmel/studio/7.0/toolchain/arm/arm-gnu-toolchain/bin/../lib/gcc/arm-none-eabi/6.3.1/../../../../arm-none-eabi/lib/thumb/v6-m\libc.a
END GROUP
LOAD c:/program files (x86)/atmel/studio/7.0/toolchain/arm/arm-gnu-toolchain/bin/../lib/gcc/arm-none-eabi/6.3.1/thumb/v6-m/crtend.o
LOAD c:/program files (x86)/atmel/studio/7.0/toolchain/arm/arm-gnu-toolchain/bin/../lib/gcc/arm-none-eabi/6.3.1/thumb/v6-m/crtn.o
                0x00002000                STACK_SIZE = DEFINED (STACK_SIZE)?STACK_SIZE:DEFINED (__stack_size__)?__stack_size__:0x2000

.text           0x00000000      0x480
                0x00000000                . = ALIGN (0x4)
                0x00000000                _sfixed = .
 *(.vectors .vectors.*)
 .vectors       0x00000000       0xb4 Device_Startup/startup_samd21.o
                0x00000000                exception_table
 *(.text .text.* .gnu.linkonce.t.*)
 .text          0x000000b4       0x60 c:/program files (x86)/atmel/studio/7.0/toolchain/arm/arm-gnu-toolchain/bin/../lib/gcc/arm-none-eabi/6.3.1/thumb/v6-m/crtbegin.o
 .text.Dummy_Handler
                0x00000114        0x2 Device_Startup/startup_samd21.o
                0x00000114                SVCall_Handler
                0x00000114                DMAC_Handler
                0x00000114                HardFault_Handler
                0x00000114                AC_Handler
                0x00000114                SysTick_Handler
                0x00000114                PendSV_Handler
                0x00000114                TC7_Handler
                0x00000114                SERCOM1_Handler
                0x00000114                ADC_Handler
                0x00000114                NonMaskableInt_Handler
                0x00000114                TCC1_Handler
                0x00000114                SERCOM2_Handler
                0x00000114                TCC0_Handler
                0x00000114                RTC_Handler
                0x00000114                EIC_Handler
                0x00000114                TC6_Handler
                0x00000114                WDT_Handler
                0x00000114                TC4_Handler
                0x00000114                USB_Handler
                0x00000114                TC3_Handler
                0x00000114                Dummy_Handler
                0x00000114                PM_Handler
                0x00000114                SERCOM5_Handler
                0x00000114                TCC2_Handler
                0x00000114                EVSYS_Handler
                0x00000114                SERCOM3_Handler
                0x00000114                SERCOM4_Handler
                0x00000114                I2S_Handler
                0x00000114                NVMCTRL_Handler
                0x00000114                SERCOM0_Handler
                0x00000114                DAC_Handler
                0x00000114                PTC_Handler
                0x00000114                TC5_Handler
                0x00000114                SYSCTRL_Handler
 *fill*         0x00000116        0x2 
 .text.Reset_Handler
                0x00000118       0xc4 Device_Startup/startup_samd21.o
                0x00000118                Reset_Handler
 .text.UART3_Init
                0x000001dc       0x8c Hardware/Uart.o
                0x000001dc                UART3_Init
 .text.UART3_Writechar
                0x00000268       0x18 Hardware/Uart.o
                0x00000268                UART3_Writechar
 .text.delayms  0x00000280       0x16 main.o
                0x00000280                delayms
 *fill*         0x00000296        0x2 
 .text.main     0x00000298       0x20 main.o
                0x00000298                main
 .text.__libc_init_array
                0x000002b8       0x48 c:/program files (x86)/atmel/studio/7.0/toolchain/arm/arm-gnu-toolchain/bin/../lib/gcc/arm-none-eabi/6.3.1/../../../../arm-none-eabi/lib/thumb/v6-m\libc.a(lib_a-init.o)
                0x000002b8                __libc_init_array
 .text.startup.register_fini
                0x00000300       0x18 c:/program files (x86)/atmel/studio/7.0/toolchain/arm/arm-gnu-toolchain/bin/../lib/gcc/arm-none-eabi/6.3.1/../../../../arm-none-eabi/lib/thumb/v6-m\libc.a(lib_a-__call_atexit.o)
 .text.atexit   0x00000318       0x10 c:/program files (x86)/atmel/studio/7.0/toolchain/arm/arm-gnu-toolchain/bin/../lib/gcc/arm-none-eabi/6.3.1/../../../../arm-none-eabi/lib/thumb/v6-m\libc.a(lib_a-atexit.o)
                0x00000318                atexit
 .text.__libc_fini_array
                0x00000328       0x34 c:/program files (x86)/atmel/studio/7.0/toolchain/arm/arm-gnu-toolchain/bin/../lib/gcc/arm-none-eabi/6.3.1/../../../../arm-none-eabi/lib/thumb/v6-m\libc.a(lib_a-fini.o)
                0x00000328                __libc_fini_array
 .text.__retarget_lock_acquire_recursive
                0x0000035c        0x4 c:/program files (x86)/atmel/studio/7.0/toolchain/arm/arm-gnu-toolchain/bin/../lib/gcc/arm-none-eabi/6.3.1/../../../../arm-none-eabi/lib/thumb/v6-m\libc.a(lib_a-lock.o)
                0x0000035c                __retarget_lock_acquire_recursive
 .text.__retarget_lock_release_recursive
                0x00000360        0x4 c:/program files (x86)/atmel/studio/7.0/toolchain/arm/arm-gnu-toolchain/bin/../lib/gcc/arm-none-eabi/6.3.1/../../../../arm-none-eabi/lib/thumb/v6-m\libc.a(lib_a-lock.o)
                0x00000360                __retarget_lock_release_recursive
 .text.__register_exitproc
                0x00000364       0xf4 c:/program files (x86)/atmel/studio/7.0/toolchain/arm/arm-gnu-toolchain/bin/../lib/gcc/arm-none-eabi/6.3.1/../../../../arm-none-eabi/lib/thumb/v6-m\libc.a(lib_a-__atexit.o)
                0x00000364                __register_exitproc
 *(.glue_7t)
 .glue_7t       0x00000458        0x0 linker stubs
 *(.glue_7)
 .glue_7        0x00000458        0x0 linker stubs
 *(.rodata .rodata* .gnu.linkonce.r.*)
 .rodata._global_impure_ptr
                0x00000458        0x4 c:/program files (x86)/atmel/studio/7.0/toolchain/arm/arm-gnu-toolchain/bin/../lib/gcc/arm-none-eabi/6.3.1/../../../../arm-none-eabi/lib/thumb/v6-m\libc.a(lib_a-impure.o)
                0x00000458                _global_impure_ptr
 *(.ARM.extab* .gnu.linkonce.armextab.*)
                0x0000045c                . = ALIGN (0x4)
 *(.init)
 .init          0x0000045c        0x4 c:/program files (x86)/atmel/studio/7.0/toolchain/arm/arm-gnu-toolchain/bin/../lib/gcc/arm-none-eabi/6.3.1/thumb/v6-m/crti.o
                0x0000045c                _init
 .init          0x00000460        0x8 c:/program files (x86)/atmel/studio/7.0/toolchain/arm/arm-gnu-toolchain/bin/../lib/gcc/arm-none-eabi/6.3.1/thumb/v6-m/crtn.o
                0x00000468                . = ALIGN (0x4)
                0x00000468                __preinit_array_start = .
 *(.preinit_array)
                0x00000468                __preinit_array_end = .
                0x00000468                . = ALIGN (0x4)
                0x00000468                __init_array_start = .
 *(SORT(.init_array.*))
 .init_array.00000
                0x00000468        0x4 c:/program files (x86)/atmel/studio/7.0/toolchain/arm/arm-gnu-toolchain/bin/../lib/gcc/arm-none-eabi/6.3.1/../../../../arm-none-eabi/lib/thumb/v6-m\libc.a(lib_a-__call_atexit.o)
 *(.init_array)
 .init_array    0x0000046c        0x4 c:/program files (x86)/atmel/studio/7.0/toolchain/arm/arm-gnu-toolchain/bin/../lib/gcc/arm-none-eabi/6.3.1/thumb/v6-m/crtbegin.o
                0x00000470                __init_array_end = .
                0x00000470                . = ALIGN (0x4)
 *crtbegin.o(.ctors)
 *(EXCLUDE_FILE(*crtend.o) .ctors)
 *(SORT(.ctors.*))
 *crtend.o(.ctors)
                0x00000470                . = ALIGN (0x4)
 *(.fini)
 .fini          0x00000470        0x4 c:/program files (x86)/atmel/studio/7.0/toolchain/arm/arm-gnu-toolchain/bin/../lib/gcc/arm-none-eabi/6.3.1/thumb/v6-m/crti.o
                0x00000470                _fini
 .fini          0x00000474        0x8 c:/program files (x86)/atmel/studio/7.0/toolchain/arm/arm-gnu-toolchain/bin/../lib/gcc/arm-none-eabi/6.3.1/thumb/v6-m/crtn.o
                0x0000047c                . = ALIGN (0x4)
                0x0000047c                __fini_array_start = .
 *(.fini_array)
 .fini_array    0x0000047c        0x4 c:/program files (x86)/atmel/studio/7.0/toolchain/arm/arm-gnu-toolchain/bin/../lib/gcc/arm-none-eabi/6.3.1/thumb/v6-m/crtbegin.o
 *(SORT(.fini_array.*))
                0x00000480                __fini_array_end = .
 *crtbegin.o(.dtors)
 *(EXCLUDE_FILE(*crtend.o) .dtors)
 *(SORT(.dtors.*))
 *crtend.o(.dtors)
                0x00000480                . = ALIGN (0x4)
                0x00000480                _efixed = .
                [!provide]                PROVIDE (__exidx_start, .)

.vfp11_veneer   0x00000480        0x0
 .vfp11_veneer  0x00000480        0x0 linker stubs

.v4_bx          0x00000480        0x0
 .v4_bx         0x00000480        0x0 linker stubs

.iplt           0x00000480        0x0
 .iplt          0x00000480        0x0 c:/program files (x86)/atmel/studio/7.0/toolchain/arm/arm-gnu-toolchain/bin/../lib/gcc/arm-none-eabi/6.3.1/thumb/v6-m/crtbegin.o

.eh_frame       0x00000480        0x0
 .eh_frame      0x00000480        0x0 c:/program files (x86)/atmel/studio/7.0/toolchain/arm/arm-gnu-toolchain/bin/../lib/gcc/arm-none-eabi/6.3.1/thumb/v6-m/crtbegin.o

.rel.dyn        0x00000480        0x0
 .rel.iplt      0x00000480        0x0 c:/program files (x86)/atmel/studio/7.0/toolchain/arm/arm-gnu-toolchain/bin/../lib/gcc/arm-none-eabi/6.3.1/thumb/v6-m/crtbegin.o

.jcr            0x00000480        0x0
 .jcr           0x00000480        0x0 c:/program files (x86)/atmel/studio/7.0/toolchain/arm/arm-gnu-toolchain/bin/../lib/gcc/arm-none-eabi/6.3.1/thumb/v6-m/crtbegin.o

.igot.plt       0x00000480        0x0
 .igot.plt      0x00000480        0x0 c:/program files (x86)/atmel/studio/7.0/toolchain/arm/arm-gnu-toolchain/bin/../lib/gcc/arm-none-eabi/6.3.1/thumb/v6-m/crtbegin.o

.ARM.exidx
 *(.ARM.exidx* .gnu.linkonce.armexidx.*)
                [!provide]                PROVIDE (__exidx_end, .)
                0x00000480                . = ALIGN (0x4)
                0x00000480                _etext = .

.relocate       0x20000000      0x42c load address 0x00000480
                0x20000000                . = ALIGN (0x4)
                0x20000000                _srelocate = .
 *(.ramfunc .ramfunc.*)
 *(.data .data.*)
 .data.impure_data
                0x20000000      0x428 c:/program files (x86)/atmel/studio/7.0/toolchain/arm/arm-gnu-toolchain/bin/../lib/gcc/arm-none-eabi/6.3.1/../../../../arm-none-eabi/lib/thumb/v6-m\libc.a(lib_a-impure.o)
 .data.__atexit_recursive_mutex
                0x20000428        0x4 c:/program files (x86)/atmel/studio/7.0/toolchain/arm/arm-gnu-toolchain/bin/../lib/gcc/arm-none-eabi/6.3.1/../../../../arm-none-eabi/lib/thumb/v6-m\libc.a(lib_a-__call_atexit.o)
                0x20000428                __atexit_recursive_mutex
                0x2000042c                . = ALIGN (0x4)
                0x2000042c                _erelocate = .

.bss            0x2000042c       0x40 load address 0x000008ac
                0x2000042c                . = ALIGN (0x4)
                0x2000042c                _sbss = .
                0x2000042c                _szero = .
 *(.bss .bss.*)
 .bss           0x2000042c       0x1c c:/program files (x86)/atmel/studio/7.0/toolchain/arm/arm-gnu-toolchain/bin/../lib/gcc/arm-none-eabi/6.3.1/thumb/v6-m/crtbegin.o
 *(COMMON)
 COMMON         0x20000448       0x21 c:/program files (x86)/atmel/studio/7.0/toolchain/arm/arm-gnu-toolchain/bin/../lib/gcc/arm-none-eabi/6.3.1/../../../../arm-none-eabi/lib/thumb/v6-m\libc.a(lib_a-lock.o)
                0x20000448                __lock___atexit_recursive_mutex
                0x2000044c                __lock___arc4random_mutex
                0x20000450                __lock___env_recursive_mutex
                0x20000454                __lock___sinit_recursive_mutex
                0x20000458                __lock___malloc_recursive_mutex
                0x2000045c                __lock___at_quick_exit_mutex
                0x20000460                __lock___dd_hash_mutex
                0x20000464                __lock___tz_mutex
                0x20000468                __lock___sfp_recursive_mutex
                0x2000046c                . = ALIGN (0x4)
 *fill*         0x20000469        0x3 
                0x2000046c                _ebss = .
                0x2000046c                _ezero = .

.stack          0x2000046c     0x2004 load address 0x000008ec
                0x20000470                . = ALIGN (0x8)
 *fill*         0x2000046c        0x4 
                0x20000470                _sstack = .
                0x20002470                . = (. + STACK_SIZE)
 *fill*         0x20000470     0x2000 
                0x20002470                . = ALIGN (0x8)
                0x20002470                _estack = .
                0x20002470                . = ALIGN (0x4)
                0x20002470                _end = .
OUTPUT(SerialBridge.elf elf32-littlearm)

.ARM.attributes
                0x00000000       0x28
 .ARM.attributes
                0x00000000       0x1e c:/program files (x86)/atmel/studio/7.0/toolchain/arm/arm-gnu-toolchain/bin/../lib/gcc/arm-none-eabi/6.3.1/thumb/v6-m/crti.o
 .ARM.attributes
                0x0000001e       0x2c c:/program files (x86)/atmel/studio/7.0/toolchain/arm/arm-gnu-toolchain/bin/../lib/gcc/arm-none-eabi/6.3.1/thumb/v6-m/crtbegin.o
 .ARM.attributes
                0x0000004a       0x32 Device_Startup/startup_samd21.o
 .ARM.attributes
                0x0000007c       0x32 Hardware/Uart.o
 .ARM.attributes
                0x000000ae       0x32 main.o
 .ARM.attributes
                0x000000e0       0x2c c:/program files (x86)/atmel/studio/7.0/toolchain/arm/arm-gnu-toolchain/bin/../lib/gcc/arm-none-eabi/6.3.1/../../../../arm-none-eabi/lib/thumb/v6-m\libc.a(lib_a-impure.o)
 .ARM.attributes
                0x0000010c       0x2c c:/program files (x86)/atmel/studio/7.0/toolchain/arm/arm-gnu-toolchain/bin/../lib/gcc/arm-none-eabi/6.3.1/../../../../arm-none-eabi/lib/thumb/v6-m\libc.a(lib_a-init.o)
 .ARM.attributes
                0x00000138       0x2c c:/program files (x86)/atmel/studio/7.0/toolchain/arm/arm-gnu-toolchain/bin/../lib/gcc/arm-none-eabi/6.3.1/../../../../arm-none-eabi/lib/thumb/v6-m\libc.a(lib_a-__call_atexit.o)
 .ARM.attributes
                0x00000164       0x2c c:/program files (x86)/atmel/studio/7.0/toolchain/arm/arm-gnu-toolchain/bin/../lib/gcc/arm-none-eabi/6.3.1/../../../../arm-none-eabi/lib/thumb/v6-m\libc.a(lib_a-atexit.o)
 .ARM.attributes
                0x00000190       0x2c c:/program files (x86)/atmel/studio/7.0/toolchain/arm/arm-gnu-toolchain/bin/../lib/gcc/arm-none-eabi/6.3.1/../../../../arm-none-eabi/lib/thumb/v6-m\libc.a(lib_a-fini.o)
 .ARM.attributes
                0x000001bc       0x2c c:/program files (x86)/atmel/studio/7.0/toolchain/arm/arm-gnu-toolchain/bin/../lib/gcc/arm-none-eabi/6.3.1/../../../../arm-none-eabi/lib/thumb/v6-m\libc.a(lib_a-lock.o)
 .ARM.attributes
                0x000001e8       0x2c c:/program files (x86)/atmel/studio/7.0/toolchain/arm/arm-gnu-toolchain/bin/../lib/gcc/arm-none-eabi/6.3.1/../../../../arm-none-eabi/lib/thumb/v6-m\libc.a(lib_a-__atexit.o)
 .ARM.attributes
                0x00000214       0x1e c:/program files (x86)/atmel/studio/7.0/toolchain/arm/arm-gnu-toolchain/bin/../lib/gcc/arm-none-eabi/6.3.1/thumb/v6-m/crtn.o

.comment        0x00000000       0x59
 .comment       0x00000000       0x59 Device_Startup/startup_samd21.o
                                 0x5a (size before relaxing)
 .comment       0x00000059       0x5a Hardware/Uart.o
 .comment       0x00000059       0x5a main.o

.debug_info     0x00000000     0x45c8
 .debug_info    0x00000000     0x3a2c Device_Startup/startup_samd21.o
 .debug_info    0x00003a2c      0xa65 Hardware/Uart.o
 .debug_info    0x00004491      0x137 main.o

.debug_abbrev   0x00000000      0x4d4
 .debug_abbrev  0x00000000      0x227 Device_Startup/startup_samd21.o
 .debug_abbrev  0x00000227      0x1cb Hardware/Uart.o
 .debug_abbrev  0x000003f2       0xe2 main.o

.debug_loc      0x00000000       0xea
 .debug_loc     0x00000000       0x78 Device_Startup/startup_samd21.o
 .debug_loc     0x00000078       0x21 Hardware/Uart.o
 .debug_loc     0x00000099       0x51 main.o

.debug_aranges  0x00000000       0x78
 .debug_aranges
                0x00000000       0x28 Device_Startup/startup_samd21.o
 .debug_aranges
                0x00000028       0x28 Hardware/Uart.o
 .debug_aranges
                0x00000050       0x28 main.o

.debug_ranges   0x00000000       0x48
 .debug_ranges  0x00000000       0x18 Device_Startup/startup_samd21.o
 .debug_ranges  0x00000018       0x18 Hardware/Uart.o
 .debug_ranges  0x00000030       0x18 main.o

.debug_macro    0x00000000    0x1297c
 .debug_macro   0x00000000      0x310 Device_Startup/startup_samd21.o
 .debug_macro   0x00000310      0x89e Device_Startup/startup_samd21.o
 .debug_macro   0x00000bae       0x22 Device_Startup/startup_samd21.o
 .debug_macro   0x00000bd0       0x87 Device_Startup/startup_samd21.o
 .debug_macro   0x00000c57       0x51 Device_Startup/startup_samd21.o
 .debug_macro   0x00000ca8       0xef Device_Startup/startup_samd21.o
 .debug_macro   0x00000d97       0x6a Device_Startup/startup_samd21.o
 .debug_macro   0x00000e01      0x1df Device_Startup/startup_samd21.o
 .debug_macro   0x00000fe0       0x39 Device_Startup/startup_samd21.o
 .debug_macro   0x00001019       0x1c Device_Startup/startup_samd21.o
 .debug_macro   0x00001035       0x22 Device_Startup/startup_samd21.o
 .debug_macro   0x00001057       0xb5 Device_Startup/startup_samd21.o
 .debug_macro   0x0000110c      0x3ad Device_Startup/startup_samd21.o
 .debug_macro   0x000014b9      0x67e Device_Startup/startup_samd21.o
 .debug_macro   0x00001b37      0x8b1 Device_Startup/startup_samd21.o
 .debug_macro   0x000023e8      0x22e Device_Startup/startup_samd21.o
 .debug_macro   0x00002616      0xd5c Device_Startup/startup_samd21.o
 .debug_macro   0x00003372      0x4dc Device_Startup/startup_samd21.o
 .debug_macro   0x0000384e      0x9f6 Device_Startup/startup_samd21.o
 .debug_macro   0x00004244      0x82b Device_Startup/startup_samd21.o
 .debug_macro   0x00004a6f      0x45f Device_Startup/startup_samd21.o
 .debug_macro   0x00004ece       0x5e Device_Startup/startup_samd21.o
 .debug_macro   0x00004f2c      0x8f9 Device_Startup/startup_samd21.o
 .debug_macro   0x00005825      0x21c Device_Startup/startup_samd21.o
 .debug_macro   0x00005a41      0x735 Device_Startup/startup_samd21.o
 .debug_macro   0x00006176       0x5e Device_Startup/startup_samd21.o
 .debug_macro   0x000061d4      0x632 Device_Startup/startup_samd21.o
 .debug_macro   0x00006806      0x3ac Device_Startup/startup_samd21.o
 .debug_macro   0x00006bb2      0xc76 Device_Startup/startup_samd21.o
 .debug_macro   0x00007828     0x1092 Device_Startup/startup_samd21.o
 .debug_macro   0x000088ba      0xc4a Device_Startup/startup_samd21.o
 .debug_macro   0x00009504      0x6ba Device_Startup/startup_samd21.o
 .debug_macro   0x00009bbe     0x1b3d Device_Startup/startup_samd21.o
 .debug_macro   0x0000b6fb     0x143c Device_Startup/startup_samd21.o
 .debug_macro   0x0000cb37      0x340 Device_Startup/startup_samd21.o
 .debug_macro   0x0000ce77       0x7c Device_Startup/startup_samd21.o
 .debug_macro   0x0000cef3       0xa0 Device_Startup/startup_samd21.o
 .debug_macro   0x0000cf93       0x4c Device_Startup/startup_samd21.o
 .debug_macro   0x0000cfdf       0xca Device_Startup/startup_samd21.o
 .debug_macro   0x0000d0a9       0x94 Device_Startup/startup_samd21.o
 .debug_macro   0x0000d13d       0x58 Device_Startup/startup_samd21.o
 .debug_macro   0x0000d195      0x341 Device_Startup/startup_samd21.o
 .debug_macro   0x0000d4d6       0x82 Device_Startup/startup_samd21.o
 .debug_macro   0x0000d558      0x189 Device_Startup/startup_samd21.o
 .debug_macro   0x0000d6e1       0xb8 Device_Startup/startup_samd21.o
 .debug_macro   0x0000d799       0xa0 Device_Startup/startup_samd21.o
 .debug_macro   0x0000d839       0xb2 Device_Startup/startup_samd21.o
 .debug_macro   0x0000d8eb       0x1c Device_Startup/startup_samd21.o
 .debug_macro   0x0000d907       0x1c Device_Startup/startup_samd21.o
 .debug_macro   0x0000d923       0x1c Device_Startup/startup_samd21.o
 .debug_macro   0x0000d93f       0x7c Device_Startup/startup_samd21.o
 .debug_macro   0x0000d9bb      0x171 Device_Startup/startup_samd21.o
 .debug_macro   0x0000db2c       0x10 Device_Startup/startup_samd21.o
 .debug_macro   0x0000db3c       0xdc Device_Startup/startup_samd21.o
 .debug_macro   0x0000dc18      0x124 Device_Startup/startup_samd21.o
 .debug_macro   0x0000dd3c      0x124 Device_Startup/startup_samd21.o
 .debug_macro   0x0000de60      0x124 Device_Startup/startup_samd21.o
 .debug_macro   0x0000df84      0x124 Device_Startup/startup_samd21.o
 .debug_macro   0x0000e0a8      0x124 Device_Startup/startup_samd21.o
 .debug_macro   0x0000e1cc      0x124 Device_Startup/startup_samd21.o
 .debug_macro   0x0000e2f0      0x124 Device_Startup/startup_samd21.o
 .debug_macro   0x0000e414       0xe2 Device_Startup/startup_samd21.o
 .debug_macro   0x0000e4f6       0xe2 Device_Startup/startup_samd21.o
 .debug_macro   0x0000e5d8       0xe2 Device_Startup/startup_samd21.o
 .debug_macro   0x0000e6ba       0xe2 Device_Startup/startup_samd21.o
 .debug_macro   0x0000e79c       0xe2 Device_Startup/startup_samd21.o
 .debug_macro   0x0000e87e      0x12a Device_Startup/startup_samd21.o
 .debug_macro   0x0000e9a8      0x100 Device_Startup/startup_samd21.o
 .debug_macro   0x0000eaa8       0xf4 Device_Startup/startup_samd21.o
 .debug_macro   0x0000eb9c      0x40f Device_Startup/startup_samd21.o
 .debug_macro   0x0000efab       0x40 Device_Startup/startup_samd21.o
 .debug_macro   0x0000efeb      0x392 Device_Startup/startup_samd21.o
 .debug_macro   0x0000f37d     0x1fb0 Device_Startup/startup_samd21.o
 .debug_macro   0x0001132d       0x6d Device_Startup/startup_samd21.o
 .debug_macro   0x0001139a      0x495 Hardware/Uart.o
 .debug_macro   0x0001182f      0x16d Hardware/Uart.o
 .debug_macro   0x0001199c       0x58 Hardware/Uart.o
 .debug_macro   0x000119f4       0x35 Hardware/Uart.o
 .debug_macro   0x00011a29       0x9c Hardware/Uart.o
 .debug_macro   0x00011ac5       0x16 Hardware/Uart.o
 .debug_macro   0x00011adb       0x35 Hardware/Uart.o
 .debug_macro   0x00011b10      0x353 Hardware/Uart.o
 .debug_macro   0x00011e63       0x10 Hardware/Uart.o
 .debug_macro   0x00011e73       0x58 Hardware/Uart.o
 .debug_macro   0x00011ecb       0x1f Hardware/Uart.o
 .debug_macro   0x00011eea       0x43 Hardware/Uart.o
 .debug_macro   0x00011f2d       0x20 Hardware/Uart.o
 .debug_macro   0x00011f4d      0x187 Hardware/Uart.o
 .debug_macro   0x000120d4       0x10 Hardware/Uart.o
 .debug_macro   0x000120e4       0x1c Hardware/Uart.o
 .debug_macro   0x00012100       0x52 Hardware/Uart.o
 .debug_macro   0x00012152       0x40 Hardware/Uart.o
 .debug_macro   0x00012192       0x10 Hardware/Uart.o
 .debug_macro   0x000121a2       0x40 Hardware/Uart.o
 .debug_macro   0x000121e2       0xd7 Hardware/Uart.o
 .debug_macro   0x000122b9       0x16 Hardware/Uart.o
 .debug_macro   0x000122cf      0x18b Hardware/Uart.o
 .debug_macro   0x0001245a       0x22 Hardware/Uart.o
 .debug_macro   0x0001247c       0x16 Hardware/Uart.o
 .debug_macro   0x00012492       0xe2 Hardware/Uart.o
 .debug_macro   0x00012574       0x3f Hardware/Uart.o
 .debug_macro   0x000125b3       0xaf Hardware/Uart.o
 .debug_macro   0x00012662      0x31a main.o

.debug_line     0x00000000     0x167c
 .debug_line    0x00000000      0x70c Device_Startup/startup_samd21.o
 .debug_line    0x0000070c      0x85d Hardware/Uart.o
 .debug_line    0x00000f69      0x713 main.o

.debug_str      0x00000000    0x75b6c
 .debug_str     0x00000000    0x7138b Device_Startup/startup_samd21.o
                              0x717b2 (size before relaxing)
 .debug_str     0x0007138b     0x47ba Hardware/Uart.o
                              0x74e62 (size before relaxing)
 .debug_str     0x00075b45       0x27 main.o
                              0x70613 (size before relaxing)

.debug_frame    0x00000000      0x268
 .debug_frame   0x00000000       0x40 Device_Startup/startup_samd21.o
 .debug_frame   0x00000040       0x30 Hardware/Uart.o
 .debug_frame   0x00000070       0x38 main.o
 .debug_frame   0x000000a8       0x2c c:/program files (x86)/atmel/studio/7.0/toolchain/arm/arm-gnu-toolchain/bin/../lib/gcc/arm-none-eabi/6.3.1/../../../../arm-none-eabi/lib/thumb/v6-m\libc.a(lib_a-init.o)
 .debug_frame   0x000000d4       0x54 c:/program files (x86)/atmel/studio/7.0/toolchain/arm/arm-gnu-toolchain/bin/../lib/gcc/arm-none-eabi/6.3.1/../../../../arm-none-eabi/lib/thumb/v6-m\libc.a(lib_a-__call_atexit.o)
 .debug_frame   0x00000128       0x28 c:/program files (x86)/atmel/studio/7.0/toolchain/arm/arm-gnu-toolchain/bin/../lib/gcc/arm-none-eabi/6.3.1/../../../../arm-none-eabi/lib/thumb/v6-m\libc.a(lib_a-atexit.o)
 .debug_frame   0x00000150       0x2c c:/program files (x86)/atmel/studio/7.0/toolchain/arm/arm-gnu-toolchain/bin/../lib/gcc/arm-none-eabi/6.3.1/../../../../arm-none-eabi/lib/thumb/v6-m\libc.a(lib_a-fini.o)
 .debug_frame   0x0000017c       0xb0 c:/program files (x86)/atmel/studio/7.0/toolchain/arm/arm-gnu-toolchain/bin/../lib/gcc/arm-none-eabi/6.3.1/../../../../arm-none-eabi/lib/thumb/v6-m\libc.a(lib_a-lock.o)
 .debug_frame   0x0000022c       0x3c c:/program files (x86)/atmel/studio/7.0/toolchain/arm/arm-gnu-toolchain/bin/../lib/gcc/arm-none-eabi/6.3.1/../../../../arm-none-eabi/lib/thumb/v6-m\libc.a(lib_a-__atexit.o)
